<html>
<body>
<pre>
<h1>µVision Build Log</h1>
<h2>Tool Versions:</h2>
IDE-Version: µVision V5.21.1.0
Copyright (C) 2016 ARM Ltd and ARM Germany GmbH. All rights reserved.
License Information: Timothy Ndungu, yhtosoft, LIC=----
 
Tool Versions:
Toolchain:       MDK-Lite  Version: 5.21a
Toolchain Path:  C:\Keil_v5\ARM\ARMCC\Bin
C Compiler:      Armcc.exe V5.06 update 3 (build 300)
Assembler:       Armasm.exe V5.06 update 3 (build 300)
Linker/Locator:  ArmLink.exe V5.06 update 3 (build 300)
Library Manager: ArmAr.exe V5.06 update 3 (build 300)
Hex Converter:   FromElf.exe V5.06 update 3 (build 300)
CPU DLL:         SARMCM3.DLL V5.21a
Dialog DLL:      DARMCM1.DLL V1.14.0.0
Target DLL:      Segger\JL2CM3.dll V2.99.23.0
Dialog DLL:      TARMCM1.DLL V1.10.0.0
 
<h2>Project:</h2>
D:\nRF5_SDK_11.0.0_89a8197\examples\ble_peripheral\Deca_LB\pca10028\s130\arm5_no_packs\ble_app_uart_s130_pca10028.uvprojx
Project File Date:  03/10/2016

<h2>Output:</h2>
*** Using Compiler 'V5.06 update 3 (build 300)', folder: 'C:\Keil_v5\ARM\ARMCC\Bin'
Build target 'nrf51822_xxaa_s130'
compiling main.c...
..\..\..\main.c(172): warning:  #69-D: integer conversion resulted in truncation
  const uint8_t B0_rate = 1000000 / reporting_frequency;      // calculate LSB (byte 0)
..\..\..\main.c(200): warning:  #1295-D: Deprecated declaration set_feature_cmd_QUAT - give arg types
  static void set_feature_cmd_QUAT(); 												// configure quaternion output
..\..\..\main.c(203): warning:  #1295-D: Deprecated declaration resetIMU - give arg types
  void resetIMU();                                            // reset the IMU
..\..\..\main.c(204): warning:  #1295-D: Deprecated declaration requestProductID - give arg types
  
ool requestProductID();                                    // request the product ID
..\..\..\main.c(207): warning:  #1295-D: Deprecated declaration parseData - give arg types
  void parseData();																						// get data from incoming packets
..\..\..\main.c(290): warning:  #177-D: variable "buff1" was declared but never referenced
  		uint8_t buff1[20] = {0};
..\..\..\main.c(735): warning:  #177-D: variable "s" was declared but never referenced
  		int s = 0;
..\..\..\main.c(806): warning:  #550-D: variable "err_code" was set but never used
  		ret_code_t err_code;
..\..\..\main.c(950): warning:  #177-D: variable "err_code" was declared but never referenced
  		ret_code_t err_code;
..\..\..\main.c(1007): warning:  #177-D: variable "status" was declared but never referenced
    uint8_t status = shtpData[5 + 2] & 0x03; //Get status bits
..\..\..\main.c(1011): warning:  #550-D: variable "data4" was set but never used
    uint16_t data4 = 0;
..\..\..\main.c(1012): warning:  #550-D: variable "data5" was set but never used
    uint16_t data5 = 0;
..\..\..\main.c(1110): warning:  #177-D: variable "erase_bonds" was declared but never referenced
      bool erase_bonds;
..\..\..\main.c(175): warning:  #177-D: variable "q0" was declared but never referenced
  static float q0,q1,q2,q3;                                		// quaternions q0 = qw 1 = i; 2 = j; 3 = k;
..\..\..\main.c(175): warning:  #177-D: variable "q1" was declared but never referenced
  static float q0,q1,q2,q3;                                		// quaternions q0 = qw 1 = i; 2 = j; 3 = k;
..\..\..\main.c(175): warning:  #177-D: variable "q2" was declared but never referenced
  static float q0,q1,q2,q3;                                		// quaternions q0 = qw 1 = i; 2 = j; 3 = k;
..\..\..\main.c(175): warning:  #177-D: variable "q3" was declared but never referenced
  static float q0,q1,q2,q3;                                		// quaternions q0 = qw 1 = i; 2 = j; 3 = k;
..\..\..\main.c(176): warning:  #177-D: variable "h_est" was declared but never referenced
  static float h_est;                                      		// heading accurracy estimation
..\..\..\main.c(177): warning:  #550-D: variable "stat_" was set but never used
  static uint8_t stat_;                                    		// Status (0-3)
..\..\..\main.c(200): warning:  #177-D: function "set_feature_cmd_QUAT" was declared but never referenced
  static void set_feature_cmd_QUAT(); 												// configure quaternion output
..\..\..\main.c(202): warning:  #177-D: function "sendPacket_IMU" was declared but never referenced
  static void sendPacket_IMU(uint8_t, uint8_t);               // send data to IMU
..\..\..\main.c(288): warning:  #177-D: function "sendData" was declared but never referenced
  static void sendData(uint8_t array[], uint8_t arraySize){
..\..\..\main.c(698): warning:  #177-D: function "buttons_leds_init" was declared but never referenced
  static void buttons_leds_init(bool * p_erase_bonds)
..\..\..\main.c: 23 warnings, 0 errors
linking...
Program Size: Code=26324 RO-data=936 RW-data=376 ZI-data=7432  
FromELF: creating hex file...
".\_build\nrf51422_xxac_s130.axf" - 0 Error(s), 23 Warning(s).

<h2>Software Packages used:</h2>

Package Vendor: ARM
                http://www.keil.com/pack/ARM.CMSIS.4.5.0.pack
                ARM::CMSIS:CORE:4.3.0
                CMSIS (Cortex Microcontroller Software Interface Standard)
   * Component: CORE Version: 4.3.0

Package Vendor: NordicSemiconductor
                http://developer.nordicsemi.com/nRF5_SDK/pieces/nRF_DeviceFamilyPack/NordicSemiconductor.nRF_DeviceFamilyPack.8.5.0.pack
                NordicSemiconductor::Device:Startup:8.5.0
                Nordic Semiconductor nRF ARM devices Device Family Pack.
   * Component: Startup Version: 8.5.0

<h2>Collection of Component include folders:</h2>
  D:\nRF5_SDK_11.0.0_89a8197\examples\ble_peripheral\Deca_LB\pca10028\s130\arm5_no_packs\RTE
  C:\Keil_v5\ARM\PACK\ARM\CMSIS\4.5.0\CMSIS\Include
  C:\Keil_v5\ARM\PACK\NordicSemiconductor\nRF_DeviceFamilyPack\8.17.0\Device\Include
  C:\Keil_v5\ARM\PACK\NordicSemiconductor\nRF_DeviceFamilyPack\8.5.0\Device\Include

<h2>Collection of Component Files used:</h2>

   * Component: ARM::CMSIS:CORE:4.3.0

   * Component: NordicSemiconductor::Device:Startup:8.5.0
      Include file:  Device\Include\system_nrf51.h
      Source file:   Device\Source\system_nrf51.c
      Source file:   Device\Source\arm\arm_startup_nrf51.s
Build Time Elapsed:  00:00:01
</pre>
</body>
</html>
