Component: ARM Compiler 5.06 update 3 (build 300) Tool: armlink [4d35c9]

==============================================================================

Section Cross References

    main.o(i.assert_nrf_callback) refers to app_error.o(i.app_error_handler) for app_error_handler
    main.o(i.ble_evt_dispatch) refers to ble_conn_params.o(i.ble_conn_params_on_ble_evt) for ble_conn_params_on_ble_evt
    main.o(i.ble_evt_dispatch) refers to ble_nus.o(i.ble_nus_on_ble_evt) for ble_nus_on_ble_evt
    main.o(i.ble_evt_dispatch) refers to main.o(i.on_ble_evt) for on_ble_evt
    main.o(i.ble_evt_dispatch) refers to ble_advertising.o(i.ble_advertising_on_ble_evt) for ble_advertising_on_ble_evt
    main.o(i.ble_evt_dispatch) refers to bsp_btn_ble.o(i.bsp_btn_ble_on_ble_evt) for bsp_btn_ble_on_ble_evt
    main.o(i.ble_evt_dispatch) refers to main.o(.bss) for .bss
    main.o(i.ble_stack_init) refers to softdevice_handler.o(i.softdevice_handler_init) for softdevice_handler_init
    main.o(i.ble_stack_init) refers to app_error.o(i.app_error_handler_bare) for app_error_handler_bare
    main.o(i.ble_stack_init) refers to softdevice_handler.o(i.softdevice_enable_get_default_config) for softdevice_enable_get_default_config
    main.o(i.ble_stack_init) refers to softdevice_handler.o(i.sd_check_ram_start) for sd_check_ram_start
    main.o(i.ble_stack_init) refers to softdevice_handler.o(i.softdevice_enable) for softdevice_enable
    main.o(i.ble_stack_init) refers to softdevice_handler.o(i.softdevice_ble_evt_handler_set) for softdevice_ble_evt_handler_set
    main.o(i.ble_stack_init) refers to main.o(.constdata) for .constdata
    main.o(i.ble_stack_init) refers to main.o(.bss) for .bss
    main.o(i.ble_stack_init) refers to main.o(i.ble_evt_dispatch) for ble_evt_dispatch
    main.o(i.bsp_event_handler) refers to main.o(i.sleep_mode_enter) for sleep_mode_enter
    main.o(i.bsp_event_handler) refers to app_error.o(i.app_error_handler_bare) for app_error_handler_bare
    main.o(i.bsp_event_handler) refers to ble_advertising.o(i.ble_advertising_restart_without_whitelist) for ble_advertising_restart_without_whitelist
    main.o(i.bsp_event_handler) refers to main.o(.data) for .data
    main.o(i.conn_params_error_handler) refers to app_error.o(i.app_error_handler_bare) for app_error_handler_bare
    main.o(i.get_QUAT) refers to nrf_drv_twi.o(i.nrf_drv_twi_rx) for nrf_drv_twi_rx
    main.o(i.get_QUAT) refers to nrf_delay.o(i.nrf_delay_ms) for nrf_delay_ms
    main.o(i.get_QUAT) refers to fflti.o(.text) for __aeabi_ui2f
    main.o(i.get_QUAT) refers to ffixi.o(.text) for __aeabi_f2iz
    main.o(i.get_QUAT) refers to main.o(i.qToFloat_) for qToFloat_
    main.o(i.get_QUAT) refers to fscalbn.o(.text) for __ARM_scalbnf
    main.o(i.get_QUAT) refers to fmul.o(x$fpl$fmul) for __aeabi_fmul
    main.o(i.get_QUAT) refers to main.o(.data) for .data
    main.o(i.get_QUAT) refers to main.o(.bss) for .bss
    main.o(i.get_QUAT) refers to main.o(.constdata) for .constdata
    main.o(i.initializeIMU) refers to nrf_drv_twi.o(i.nrf_drv_twi_tx) for nrf_drv_twi_tx
    main.o(i.initializeIMU) refers to nrf_delay.o(i.nrf_delay_ms) for nrf_delay_ms
    main.o(i.initializeIMU) refers to segger_rtt_printf.o(i.SEGGER_RTT_printf) for SEGGER_RTT_printf
    main.o(i.initializeIMU) refers to main.o(i.setFeature) for setFeature
    main.o(i.initializeIMU) refers to main.o(.constdata) for .constdata
    main.o(i.initializeIMU) refers to main.o(.data) for .data
    main.o(i.main) refers to _printf_pad.o(.text) for _printf_pre_padding
    main.o(i.main) refers to _printf_percent.o(.ARM.Collect$$_printf_percent$$00000000) for _printf_percent
    main.o(i.main) refers to _printf_f.o(.ARM.Collect$$_printf_percent$$00000003) for _printf_f
    main.o(i.main) refers to printf1.o(x$fpl$printf1) for _printf_fp_dec
    main.o(i.main) refers to app_timer.o(i.app_timer_init) for app_timer_init
    main.o(i.main) refers to app_error.o(i.app_error_handler_bare) for app_error_handler_bare
    main.o(i.main) refers to segger_rtt_printf.o(i.SEGGER_RTT_printf) for SEGGER_RTT_printf
    main.o(i.main) refers to main.o(i.twi_init) for twi_init
    main.o(i.main) refers to main.o(i.initializeIMU) for initializeIMU
    main.o(i.main) refers to main.o(i.ble_stack_init) for ble_stack_init
    main.o(i.main) refers to ble_nus.o(i.ble_nus_init) for ble_nus_init
    main.o(i.main) refers to rt_memclr.o(.text) for __aeabi_memclr4
    main.o(i.main) refers to ble_advertising.o(i.ble_advertising_init) for ble_advertising_init
    main.o(i.main) refers to ble_conn_params.o(i.ble_conn_params_init) for ble_conn_params_init
    main.o(i.main) refers to ble_advertising.o(i.ble_advertising_start) for ble_advertising_start
    main.o(i.main) refers to main.o(i.get_QUAT) for get_QUAT
    main.o(i.main) refers to f2d.o(.text) for __aeabi_f2d
    main.o(i.main) refers to __2sprintf.o(.text) for __2sprintf
    main.o(i.main) refers to main.o(i.sendData) for sendData
[...]
    i.nrf_uart_int_enable_check              0x0001f5a0   Section        0  nrf_drv_uart.o(i.nrf_uart_int_enable_check)
    nrf_uart_int_enable_check                0x0001f5a1   Thumb Code    16  nrf_drv_uart.o(i.nrf_uart_int_enable_check)
    i.nus_data_handler                       0x0001f5b0   Section        0  main.o(i.nus_data_handler)
    nus_data_handler                         0x0001f5b1   Thumb Code    38  main.o(i.nus_data_handler)
    i.on_adv_evt                             0x0001f5d6   Section        0  main.o(i.on_adv_evt)
    on_adv_evt                               0x0001f5d7   Thumb Code    32  main.o(i.on_adv_evt)
    i.on_ble_evt                             0x0001f5f8   Section        0  main.o(i.on_ble_evt)
    on_ble_evt                               0x0001f5f9   Thumb Code   130  main.o(i.on_ble_evt)
    i.on_conn_params_evt                     0x0001f6c4   Section        0  main.o(i.on_conn_params_evt)
    on_conn_params_evt                       0x0001f6c5   Thumb Code    26  main.o(i.on_conn_params_evt)
    i.peer_address_exists                    0x0001f6e4   Section        0  ble_advertising.o(i.peer_address_exists)
    peer_address_exists                      0x0001f6e5   Thumb Code    22  ble_advertising.o(i.peer_address_exists)
    i.pow                                    0x0001f6fc   Section        0  pow.o(i.pow)
    i.pstorage_access_status_get             0x000200f8   Section        0  pstorage.o(i.pstorage_access_status_get)
    i.qToFloat_                              0x00020120   Section        0  main.o(i.qToFloat_)
    i.rtc1_stop                              0x00020158   Section        0  app_timer.o(i.rtc1_stop)
    rtc1_stop                                0x00020159   Thumb Code    50  app_timer.o(i.rtc1_stop)
    i.rx_byte                                0x0002019c   Section        0  nrf_drv_uart.o(i.rx_byte)
    rx_byte                                  0x0002019d   Thumb Code    42  nrf_drv_uart.o(i.rx_byte)
    i.rx_char_add                            0x000201d4   Section        0  ble_nus.o(i.rx_char_add)
    rx_char_add                              0x000201d5   Thumb Code   158  ble_nus.o(i.rx_char_add)
    i.rx_done_event                          0x00020274   Section        0  nrf_drv_uart.o(i.rx_done_event)
    rx_done_event                            0x00020275   Thumb Code    22  nrf_drv_uart.o(i.rx_done_event)
    i.sd_check_ram_start                     0x00020290   Section        0  softdevice_handler.o(i.sd_check_ram_start)
    i.sd_nvic_EnableIRQ                      0x000202a0   Section        0  softdevice_handler.o(i.sd_nvic_EnableIRQ)
    sd_nvic_EnableIRQ                        0x000202a1   Thumb Code   116  softdevice_handler.o(i.sd_nvic_EnableIRQ)
    i.sendData                               0x0002032c   Section        0  main.o(i.sendData)
    sendData                                 0x0002032d   Thumb Code   102  main.o(i.sendData)
    i.sendDataPacket                         0x00020398   Section        0  main.o(i.sendDataPacket)
    i.service_data_encode                    0x000203dc   Section        0  ble_advdata.o(i.service_data_encode)
    service_data_encode                      0x000203dd   Thumb Code   142  ble_advdata.o(i.service_data_encode)
    i.setFeature                             0x0002046c   Section        0  main.o(i.setFeature)
    i.sleep_mode_enter                       0x000204b8   Section        0  main.o(i.sleep_mode_enter)
    sleep_mode_enter                         0x000204b9   Thumb Code    40  main.o(i.sleep_mode_enter)
    i.softdevice_ble_evt_handler_set         0x000204e0   Section        0  softdevice_handler.o(i.softdevice_ble_evt_handler_set)
    i.softdevice_enable                      0x000204f4   Section        0  softdevice_handler.o(i.softdevice_enable)
    i.softdevice_enable_get_default_config   0x00020508   Section        0  softdevice_handler.o(i.softdevice_enable_get_default_config)
    i.softdevice_fault_handler               0x00020530   Section        0  softdevice_handler.o(i.softdevice_fault_handler)
    i.softdevice_handler_init                0x00020538   Section        0  softdevice_handler.o(i.softdevice_handler_init)
    i.sqrt                                   0x0002056c   Section        0  sqrt.o(i.sqrt)
    i.timer_list_handler                     0x000205b4   Section        0  app_timer.o(i.timer_list_handler)
    timer_list_handler                       0x000205b5   Thumb Code   128  app_timer.o(i.timer_list_handler)
    i.timer_list_handler_sched               0x00020638   Section        0  app_timer.o(i.timer_list_handler_sched)
    timer_list_handler_sched                 0x00020639   Thumb Code    10  app_timer.o(i.timer_list_handler_sched)
    i.timer_list_insert                      0x00020648   Section        0  app_timer.o(i.timer_list_insert)
    timer_list_insert                        0x00020649   Thumb Code    60  app_timer.o(i.timer_list_insert)
    i.timer_timeouts_check                   0x00020688   Section        0  app_timer.o(i.timer_timeouts_check)
    timer_timeouts_check                     0x00020689   Thumb Code   118  app_timer.o(i.timer_timeouts_check)
    i.twi_clear_bus                          0x00020708   Section        0  nrf_drv_twi.o(i.twi_clear_bus)
    twi_clear_bus                            0x00020709   Thumb Code   138  nrf_drv_twi.o(i.twi_clear_bus)
    i.twi_handler                            0x000207a0   Section        0  main.o(i.twi_handler)
    i.twi_init                               0x000207e8   Section        0  main.o(i.twi_init)
    i.twi_rx_start_transfer                  0x0002081c   Section        0  nrf_drv_twi.o(i.twi_rx_start_transfer)
    twi_rx_start_transfer                    0x0002081d   Thumb Code   134  nrf_drv_twi.o(i.twi_rx_start_transfer)
    i.twi_send_byte                          0x000208a8   Section        0  nrf_drv_twi.o(i.twi_send_byte)
    twi_send_byte                            0x000208a9   Thumb Code    46  nrf_drv_twi.o(i.twi_send_byte)
    i.twi_transfer                           0x000208d6   Section        0  nrf_drv_twi.o(i.twi_transfer)
    twi_transfer                             0x000208d7   Thumb Code   262  nrf_drv_twi.o(i.twi_transfer)
    i.twi_tx_start_transfer                  0x000209dc   Section        0  nrf_drv_twi.o(i.twi_tx_start_transfer)
    twi_tx_start_transfer                    0x000209dd   Thumb Code   136  nrf_drv_twi.o(i.twi_tx_start_transfer)
    i.twi_xfer                               0x00020a68   Section        0  nrf_drv_twi.o(i.twi_xfer)
    twi_xfer                                 0x00020a69   Thumb Code   140  nrf_drv_twi.o(i.twi_xfer)
    i.tx_byte                                0x00020af4   Section        0  nrf_drv_uart.o(i.tx_byte)
    tx_byte                                  0x00020af5   Thumb Code    30  nrf_drv_uart.o(i.tx_byte)
    i.tx_char_add                            0x00020b20   Section        0  ble_nus.o(i.tx_char_add)
    tx_char_add                              0x00020b21   Thumb Code   128  ble_nus.o(i.tx_char_add)
    i.tx_done_event                          0x00020ba0   Section        0  nrf_drv_uart.o(i.tx_done_event)
    tx_done_event                            0x00020ba1   Thumb Code    26  nrf_drv_uart.o(i.tx_done_event)
    i.uart_irq_handler                       0x00020bc0   Section        0  nrf_drv_uart.o(i.uart_irq_handler)
    uart_irq_handler                         0x00020bc1   Thumb Code   278  nrf_drv_uart.o(i.uart_irq_handler)
    i.uint16_encode                          0x00020ce8   Section        0  ble_advdata.o(i.uint16_encode)
    uint16_encode                            0x00020ce9   Thumb Code    10  ble_advdata.o(i.uint16_encode)
    i.update_timeout_handler                 0x00020cf4   Section        0  ble_conn_params.o(i.update_timeout_handler)
    update_timeout_handler                   0x00020cf5   Thumb Code    86  ble_conn_params.o(i.update_timeout_handler)
    i.user_id_get                            0x00020d58   Section        0  app_timer.o(i.user_id_get)
    user_id_get                              0x00020d59   Thumb Code    76  app_timer.o(i.user_id_get)
    i.user_op_alloc                          0x00020dac   Section        0  app_timer.o(i.user_op_alloc)
    user_op_alloc                            0x00020dad   Thumb Code    38  app_timer.o(i.user_op_alloc)
    i.uuid_list_encode                       0x00020dd2   Section        0  ble_advdata.o(i.uuid_list_encode)
    uuid_list_encode                         0x00020dd3   Thumb Code    48  ble_advdata.o(i.uuid_list_encode)
    i.uuid_list_sized_encode                 0x00020e02   Section        0  ble_advdata.o(i.uuid_list_sized_encode)
    uuid_list_sized_encode                   0x00020e03   Thumb Code   174  ble_advdata.o(i.uuid_list_sized_encode)
    i.whitelist_has_entries                  0x00020eb0   Section        0  ble_advertising.o(i.whitelist_has_entries)
    whitelist_has_entries                    0x00020eb1   Thumb Code    16  ble_advertising.o(i.whitelist_has_entries)
    locale$$code                             0x00020ec0   Section       44  lc_numeric_c.o(locale$$code)
    x$fpl$drleqf                             0x00020eec   Section      104  drlef.o(x$fpl$drleqf)
    x$fpl$fmul                               0x00020f54   Section      176  fmul.o(x$fpl$fmul)
    x$fpl$printf1                            0x00021004   Section       16  printf1.o(x$fpl$printf1)
    .constdata                               0x00021014   Section       28  main.o(.constdata)
    x$fpl$usenofp                            0x00021014   Section        0  usenofp.o(x$fpl$usenofp)
    m_twi_bno                                0x00021018   Data           8  main.o(.constdata)
    .constdata                               0x00021030   Section       60  bsp.o(.constdata)
    m_leds_timer_id                          0x00021030   Data           4  bsp.o(.constdata)
    m_alert_timer_id                         0x00021034   Data           4  bsp.o(.constdata)
    m_button_timer_id                        0x00021038   Data           4  bsp.o(.constdata)
    m_buttons_list                           0x0002103c   Data          16  bsp.o(.constdata)
    app_buttons                              0x0002104c   Data          32  bsp.o(.constdata)
    .constdata                               0x0002106c   Section        4  ble_conn_params.o(.constdata)
    m_conn_params_timer_id                   0x0002106c   Data           4  ble_conn_params.o(.constdata)
    .constdata                               0x00021070   Section       16  ble_nus.o(.constdata)
    .constdata                               0x00021080   Section       28  nrf_drv_twi.o(.constdata)
    m_default_config                         0x00021080   Data          16  nrf_drv_twi.o(.constdata)
    .constdata                               0x0002109c   Section       16  segger_rtt_printf.o(.constdata)
    _aV2C                                    0x0002109c   Data          16  segger_rtt_printf.o(.constdata)
    .constdata                               0x000210ac   Section       17  __printf_flags_ss_wp.o(.constdata)
    maptable                                 0x000210ac   Data          17  __printf_flags_ss_wp.o(.constdata)
    .constdata                               0x000210c0   Section      136  pow.o(.constdata)
    bp                                       0x000210c0   Data          16  pow.o(.constdata)
    dp_h                                     0x000210d0   Data          16  pow.o(.constdata)
    dp_l                                     0x000210e0   Data          16  pow.o(.constdata)
    L                                        0x000210f0   Data          48  pow.o(.constdata)
    P                                        0x00021120   Data          40  pow.o(.constdata)
    .constdata                               0x00021148   Section      128  ddiv.o(.constdata)
    ddiv_reciptbl                            0x00021148   Data         128  ddiv.o(.constdata)
    .constdata                               0x000211c8   Section        8  qnan.o(.constdata)
    .constdata                               0x000211d0   Section      148  bigflt0.o(.constdata)
    tenpwrs_x                                0x000211d0   Data          60  bigflt0.o(.constdata)
    tenpwrs_i                                0x0002120c   Data          64  bigflt0.o(.constdata)
    .conststring                             0x00021264   Section        9  segger_rtt.o(.conststring)
    locale$$data                             0x00021290   Section       28  lc_numeric_c.o(locale$$data)
    __lcnum_c_name                           0x00021294   Data           2  lc_numeric_c.o(locale$$data)
    __lcnum_c_start                          0x0002129c   Data           0  lc_numeric_c.o(locale$$data)
    __lcnum_c_point                          0x000212a8   Data           0  lc_numeric_c.o(locale$$data)
    __lcnum_c_thousands                      0x000212aa   Data           0  lc_numeric_c.o(locale$$data)
    __lcnum_c_grouping                       0x000212ab   Data           0  lc_numeric_c.o(locale$$data)
    __lcnum_c_end                            0x000212ac   Data           0  lc_numeric_c.o(locale$$data)
    .data                                    0x20001fe8   Section       38  main.o(.data)
    initialized                              0x20001fe8   Data           1  main.o(.data)
    readSuccess                              0x20001fe9   Data           1  main.o(.data)
    sampleTimes                              0x20001feb   Data           1  main.o(.data)
    index                                    0x20001fec   Data           1  main.o(.data)
    stat_                                    0x20001fed   Data           1  main.o(.data)
    m_conn_handle                            0x20001fee   Data           2  main.o(.data)
    m_adv_uuids                              0x20001ff0   Data           4  main.o(.data)
    quatI                                    0x20001ff4   Data           4  main.o(.data)
    quatJ                                    0x20001ff8   Data           4  main.o(.data)
    quatK                                    0x20001ffc   Data           4  main.o(.data)
    quatReal                                 0x20002000   Data           4  main.o(.data)
    h_est                                    0x20002004   Data           4  main.o(.data)
    .data                                    0x20002010   Section       24  bsp.o(.data)
    m_stable_state                           0x20002010   Data           1  bsp.o(.data)
    current_long_push_pin_no                 0x20002011   Data           1  bsp.o(.data)
    m_app_ticks_per_100ms                    0x20002014   Data           4  bsp.o(.data)
    m_indication_type                        0x20002018   Data           4  bsp.o(.data)
    m_alert_mask                             0x2000201c   Data           4  bsp.o(.data)
    m_registered_callback                    0x20002020   Data           4  bsp.o(.data)
    release_event_at_push                    0x20002024   Data           4  bsp.o(.data)
    .data                                    0x20002028   Section        8  bsp_btn_ble.o(.data)
    m_error_handler                          0x20002028   Data           4  bsp_btn_ble.o(.data)
    m_num_connections                        0x2000202c   Data           4  bsp_btn_ble.o(.data)
    .data                                    0x20002030   Section       31  ble_advertising.o(.data)
    m_advertising_start_pending              0x20002030   Data           1  ble_advertising.o(.data)
    m_whitelist_temporarily_disabled         0x20002031   Data           1  ble_advertising.o(.data)
    m_whitelist_reply_expected               0x20002032   Data           1  ble_advertising.o(.data)
    m_peer_addr_reply_expected               0x20002033   Data           1  ble_advertising.o(.data)
    m_adv_evt                                0x20002034   Data           1  ble_advertising.o(.data)
    m_adv_mode_current                       0x20002035   Data           1  ble_advertising.o(.data)
    m_tx_power_level                         0x20002036   Data           1  ble_advertising.o(.data)
    current_slave_link_conn_handle           0x20002038   Data           2  ble_advertising.o(.data)
    m_evt_handler                            0x2000203c   Data           4  ble_advertising.o(.data)
    m_error_handler                          0x20002040   Data           4  ble_advertising.o(.data)
    m_slave_conn_int                         0x20002044   Data           4  ble_advertising.o(.data)
    m_peer_address                           0x20002048   Data           7  ble_advertising.o(.data)
    .data                                    0x20002050   Section       20  ble_conn_params.o(.data)
    m_change_param                           0x20002050   Data           1  ble_conn_params.o(.data)
    m_update_count                           0x20002051   Data           1  ble_conn_params.o(.data)
    m_conn_handle                            0x20002052   Data           2  ble_conn_params.o(.data)
    m_preferred_conn_params                  0x20002054   Data           8  ble_conn_params.o(.data)
    m_current_conn_params                    0x2000205c   Data           8  ble_conn_params.o(.data)
    .data                                    0x20002064   Section        8  app_uart_fifo.o(.data)
    tx_buffer                                0x20002064   Data           1  app_uart_fifo.o(.data)
    rx_buffer                                0x20002065   Data           1  app_uart_fifo.o(.data)
    m_event_handler                          0x20002068   Data           4  app_uart_fifo.o(.data)
    .data                                    0x2000206c   Section       36  pstorage.o(.data)
    m_state                                  0x2000206c   Data           1  pstorage.o(.data)
    m_swap_sub_state                         0x2000206d   Data           1  pstorage.o(.data)
    m_next_app_instance                      0x2000206e   Data           2  pstorage.o(.data)
    m_flags                                  0x20002070   Data           4  pstorage.o(.data)
    m_next_page_addr                         0x20002074   Data           4  pstorage.o(.data)
    m_head_word_size                         0x20002078   Data           4  pstorage.o(.data)
    m_tail_word_size                         0x2000207c   Data           4  pstorage.o(.data)
    m_current_page_id                        0x20002080   Data           4  pstorage.o(.data)
    m_num_of_command_retries                 0x20002084   Data           4  pstorage.o(.data)
    m_num_of_bytes_written                   0x20002088   Data           4  pstorage.o(.data)
    m_app_data_size                          0x2000208c   Data           4  pstorage.o(.data)
    .data                                    0x20002090   Section       32  app_timer.o(.data)
    m_user_array_size                        0x20002090   Data           1  app_timer.o(.data)
    m_ticks_elapsed_q_read_ind               0x20002091   Data           1  app_timer.o(.data)
    m_ticks_elapsed_q_write_ind              0x20002092   Data           1  app_timer.o(.data)
    m_rtc1_running                           0x20002093   Data           1  app_timer.o(.data)
    m_rtc1_reset                             0x20002094   Data           1  app_timer.o(.data)
    mp_users                                 0x20002098   Data           4  app_timer.o(.data)
    mp_timer_id_head                         0x2000209c   Data           4  app_timer.o(.data)
    m_ticks_latest                           0x200020a0   Data           4  app_timer.o(.data)
    m_evt_schedule_func                      0x200020a4   Data           4  app_timer.o(.data)
    m_ticks_elapsed                          0x200020a8   Data           8  app_timer.o(.data)
    .data                                    0x200020b0   Section      124  segger_rtt.o(.data)
    _ActiveTerminal                          0x200020b0   Data           1  segger_rtt.o(.data)
    _SEGGER_RTT                              0x200020b4   Data         120  segger_rtt.o(.data)
    .data                                    0x2000212c   Section       28  softdevice_handler.o(.data)
    m_softdevice_enabled                     0x2000212c   Data           1  softdevice_handler.o(.data)
    m_ble_evt_buffer_size                    0x2000212e   Data           2  softdevice_handler.o(.data)
    m_evt_schedule_func                      0x20002130   Data           4  softdevice_handler.o(.data)
    mp_ble_evt_buffer                        0x20002134   Data           4  softdevice_handler.o(.data)
    m_ble_evt_handler                        0x20002138   Data           4  softdevice_handler.o(.data)
    m_sys_evt_handler                        0x2000213c   Data           4  softdevice_handler.o(.data)
    .data                                    0x20002148   Section        4  system_nrf51.o(.data)
    __tagsym$$used                           0x20002148   Number         0  system_nrf51.o(.data)
    .bss                                     0x2000214c   Section      752  main.o(.bss)
    cargo                                    0x2000214c   Data          23  main.o(.bss)
    BLE_EVT_BUFFER                           0x20002164   Data          72  main.o(.bss)
    data_array                               0x200021ac   Data          20  main.o(.bss)
    APP_TIMER_BUF                            0x200021c0   Data         456  main.o(.bss)
    m_nus                                    0x20002388   Data          28  main.o(.bss)
    .bss                                     0x2000243c   Section       32  bsp.o(.bss)
    m_leds_timer_id_data                     0x2000243c   Data          32  bsp.o(.bss)
    .bss                                     0x2000245c   Section       32  bsp.o(.bss)
    m_alert_timer_id_data                    0x2000245c   Data          32  bsp.o(.bss)
    .bss                                     0x2000247c   Section       12  bsp.o(.bss)
    m_events_list                            0x2000247c   Data          12  bsp.o(.bss)
    .bss                                     0x20002488   Section       32  bsp.o(.bss)
    m_button_timer_id_data                   0x20002488   Data          32  bsp.o(.bss)
    .bss                                     0x200024a8   Section      259  ble_advertising.o(.bss)
    m_advdata                                0x200024a8   Data          56  ble_advertising.o(.bss)
    m_adv_modes_config                       0x200024e0   Data          36  ble_advertising.o(.bss)
    m_whitelist                              0x20002504   Data          16  ble_advertising.o(.bss)
    mp_whitelist_addr                        0x20002514   Data          32  ble_advertising.o(.bss)
    mp_whitelist_irk                         0x20002534   Data          32  ble_advertising.o(.bss)
    m_manuf_specific_data                    0x20002554   Data          12  ble_advertising.o(.bss)
    m_manuf_data_array                       0x20002560   Data          31  ble_advertising.o(.bss)
    m_service_data                           0x20002580   Data          12  ble_advertising.o(.bss)
    m_service_data_array                     0x2000258c   Data          31  ble_advertising.o(.bss)
    .bss                                     0x200025ac   Section       32  ble_conn_params.o(.bss)
    m_conn_params_timer_id_data              0x200025ac   Data          32  ble_conn_params.o(.bss)
    .bss                                     0x200025cc   Section       28  ble_conn_params.o(.bss)
    m_conn_params_config                     0x200025cc   Data          28  ble_conn_params.o(.bss)
    .bss                                     0x200025e8   Section       32  app_uart_fifo.o(.bss)
    m_rx_fifo                                0x200025e8   Data          16  app_uart_fifo.o(.bss)
    m_tx_fifo                                0x200025f8   Data          16  app_uart_fifo.o(.bss)
    .bss                                     0x20002608   Section       72  nrf_drv_gpiote.o(.bss)
    m_cb                                     0x20002608   Data          72  nrf_drv_gpiote.o(.bss)
    .bss                                     0x20002650   Section       28  nrf_drv_uart.o(.bss)
    m_cb                                     0x20002650   Data          28  nrf_drv_uart.o(.bss)
    .bss                                     0x2000266c   Section      216  pstorage.o(.bss)
    m_cmd_queue                              0x2000266c   Data         204  pstorage.o(.bss)
    m_app_table                              0x20002738   Data          12  pstorage.o(.bss)
    .bss                                     0x20002744   Section       40  nrf_drv_twi.o(.bss)
    m_cb                                     0x20002744   Data          40  nrf_drv_twi.o(.bss)
    .bss                                     0x2000276c   Section       88  fstorage.o(.bss)
    m_queue                                  0x2000276c   Data          88  fstorage.o(.bss)
    .bss                                     0x200027c4   Section     1024  segger_rtt.o(.bss)
    _acUpBuffer                              0x200027c4   Data        1024  segger_rtt.o(.bss)
    .bss                                     0x20002bc4   Section       16  segger_rtt.o(.bss)
    _acDownBuffer                            0x20002bc4   Data          16  segger_rtt.o(.bss)
    .bss                                     0x20002bd4   Section       96  libspace.o(.bss)
    HEAP                                     0x20002c38   Section     2048  arm_startup_nrf51.o(HEAP)
    Heap_Mem                                 0x20002c38   Data        2048  arm_startup_nrf51.o(HEAP)
    STACK                                    0x20003438   Section     2048  arm_startup_nrf51.o(STACK)
    Stack_Mem                                0x20003438   Data        2048  arm_startup_nrf51.o(STACK)
    __initial_sp                             0x20003c38   Data           0  arm_startup_nrf51.o(STACK)

    Global Symbols

    Symbol Name                              Value     Ov Type        Size  Object(Section)

    BuildAttributes$$THM_ISAv3M$S$PE$A:L22$X:L11$S22$IEEE1$IW$USESV6$~STKCKD$USESV7$~SHL$OTIME$ROPI$IEEEX$EBA8$UX$STANDARDLIB$REQ8$PRES8$EABIv2 0x00000000   Number         0  anon$$obj.o ABSOLUTE
    __ARM_use_no_argv                        0x00000000   Number         0  main.o ABSOLUTE
    _printf_flags                            0x00000000   Number         0  printf_stubs.o ABSOLUTE
    _printf_return_value                     0x00000000   Number         0  printf_stubs.o ABSOLUTE
    _printf_sizespec                         0x00000000   Number         0  printf_stubs.o ABSOLUTE
    _printf_widthprec                        0x00000000   Number         0  printf_stubs.o ABSOLUTE
    __ARM_exceptions_init                     - Undefined Weak Reference
    __alloca_initialize                       - Undefined Weak Reference
    __arm_preinit_                            - Undefined Weak Reference
    __cpp_initialize__aeabi_                  - Undefined Weak Reference
    __cxa_finalize                            - Undefined Weak Reference
    __sigvec_lookup                           - Undefined Weak Reference
    __user_heap_extent                        - Undefined Weak Reference
    _atexit_init                              - Undefined Weak Reference
    _call_atexit_fns                          - Undefined Weak Reference
    _clock_init                               - Undefined Weak Reference
    _fp_trap_init                             - Undefined Weak Reference
    _fp_trap_shutdown                         - Undefined Weak Reference
    _get_lc_collate                           - Undefined Weak Reference
    _get_lc_monetary                          - Undefined Weak Reference
    _get_lc_time                              - Undefined Weak Reference
    _getenv_init                              - Undefined Weak Reference
    _handle_redirection                       - Undefined Weak Reference
    _mutex_acquire                            - Undefined Weak Reference
    _mutex_free                               - Undefined Weak Reference
    _mutex_release                            - Undefined Weak Reference
    _printf_mbtowc                            - Undefined Weak Reference
    _printf_wc                                - Undefined Weak Reference
    _rand_init                                - Undefined Weak Reference
    _signal_finish                            - Undefined Weak Reference
    _signal_init                              - Undefined Weak Reference
    fs_data$$Base                             - Undefined Reference
    fs_data$$Limit                            - Undefined Reference
    __Vectors_Size                           0x000000c0   Number         0  arm_startup_nrf51.o ABSOLUTE
    __Vectors                                0x0001b000   Data           4  arm_startup_nrf51.o(RESET)
    __Vectors_End                            0x0001b0c0   Data           0  arm_startup_nrf51.o(RESET)
    __main                                   0x0001b0c1   Thumb Code     8  __main.o(!!!main)
    __scatterload                            0x0001b0c9   Thumb Code     0  __scatter.o(!!!scatter)
    __scatterload_rt2                        0x0001b0c9   Thumb Code    52  __scatter.o(!!!scatter)
    __scatterload_rt2_thumb_only             0x0001b0c9   Thumb Code     0  __scatter.o(!!!scatter)
    __scatterload_null                       0x0001b0d9   Thumb Code     0  __scatter.o(!!!scatter)
    __scatterload_zeroinit                   0x0001b105   Thumb Code    28  __scatter_zi.o(!!handler_zi)
    _printf_percent                          0x0001b121   Thumb Code     0  _printf_percent.o(.ARM.Collect$$_printf_percent$$00000000)
    _printf_f                                0x0001b123   Thumb Code     0  _printf_f.o(.ARM.Collect$$_printf_percent$$00000003)
    _printf_percent_end                      0x0001b12d   Thumb Code     0  _printf_percent_end.o(.ARM.Collect$$_printf_percent$$00000017)
    __rt_lib_init                            0x0001b131   Thumb Code     0  libinit.o(.ARM.Collect$$libinit$$00000000)
    __rt_lib_init_fp_1                       0x0001b133   Thumb Code     0  libinit2.o(.ARM.Collect$$libinit$$00000002)
    __rt_lib_init_heap_1                     0x0001b133   Thumb Code     0  libinit2.o(.ARM.Collect$$libinit$$0000000A)
    __rt_lib_init_lc_common                  0x0001b133   Thumb Code     0  libinit2.o(.ARM.Collect$$libinit$$0000000F)
    __rt_lib_init_preinit_1                  0x0001b133   Thumb Code     0  libinit2.o(.ARM.Collect$$libinit$$00000004)
    __rt_lib_init_rand_1                     0x0001b133   Thumb Code     0  libinit2.o(.ARM.Collect$$libinit$$0000000E)
    __rt_lib_init_user_alloc_1               0x0001b133   Thumb Code     0  libinit2.o(.ARM.Collect$$libinit$$0000000C)
    __rt_lib_init_lc_collate_1               0x0001b139   Thumb Code     0  libinit2.o(.ARM.Collect$$libinit$$00000011)
    __rt_lib_init_lc_ctype_1                 0x0001b139   Thumb Code     0  libinit2.o(.ARM.Collect$$libinit$$00000013)
    __rt_lib_init_lc_monetary_1              0x0001b139   Thumb Code     0  libinit2.o(.ARM.Collect$$libinit$$00000015)
    __rt_lib_init_lc_numeric_2               0x0001b139   Thumb Code     0  libinit2.o(.ARM.Collect$$libinit$$00000016)
    __rt_lib_init_alloca_1                   0x0001b143   Thumb Code     0  libinit2.o(.ARM.Collect$$libinit$$0000002E)
    __rt_lib_init_argv_1                     0x0001b143   Thumb Code     0  libinit2.o(.ARM.Collect$$libinit$$0000002C)
    __rt_lib_init_atexit_1                   0x0001b143   Thumb Code     0  libinit2.o(.ARM.Collect$$libinit$$0000001B)
    __rt_lib_init_clock_1                    0x0001b143   Thumb Code     0  libinit2.o(.ARM.Collect$$libinit$$00000021)
    __rt_lib_init_cpp_1                      0x0001b143   Thumb Code     0  libinit2.o(.ARM.Collect$$libinit$$00000032)
    __rt_lib_init_exceptions_1               0x0001b143   Thumb Code     0  libinit2.o(.ARM.Collect$$libinit$$00000030)
    __rt_lib_init_fp_trap_1                  0x0001b143   Thumb Code     0  libinit2.o(.ARM.Collect$$libinit$$0000001F)
    __rt_lib_init_getenv_1                   0x0001b143   Thumb Code     0  libinit2.o(.ARM.Collect$$libinit$$00000023)
    __rt_lib_init_lc_numeric_1               0x0001b143   Thumb Code     0  libinit2.o(.ARM.Collect$$libinit$$00000017)
    __rt_lib_init_lc_time_1                  0x0001b143   Thumb Code     0  libinit2.o(.ARM.Collect$$libinit$$00000019)
    __rt_lib_init_return                     0x0001b143   Thumb Code     0  libinit2.o(.ARM.Collect$$libinit$$00000033)
    __rt_lib_init_signal_1                   0x0001b143   Thumb Code     0  libinit2.o(.ARM.Collect$$libinit$$0000001D)
    __rt_lib_init_stdio_1                    0x0001b143   Thumb Code     0  libinit2.o(.ARM.Collect$$libinit$$00000025)
    __rt_lib_shutdown                        0x0001b145   Thumb Code     0  libshutdown.o(.ARM.Collect$$libshutdown$$00000000)
    __rt_lib_shutdown_cpp_1                  0x0001b147   Thumb Code     0  libshutdown2.o(.ARM.Collect$$libshutdown$$00000002)
    __rt_lib_shutdown_fp_trap_1              0x0001b147   Thumb Code     0  libshutdown2.o(.ARM.Collect$$libshutdown$$00000007)
    __rt_lib_shutdown_heap_1                 0x0001b147   Thumb Code     0  libshutdown2.o(.ARM.Collect$$libshutdown$$0000000F)
    __rt_lib_shutdown_return                 0x0001b147   Thumb Code     0  libshutdown2.o(.ARM.Collect$$libshutdown$$00000010)
    __rt_lib_shutdown_signal_1               0x0001b147   Thumb Code     0  libshutdown2.o(.ARM.Collect$$libshutdown$$0000000A)
    __rt_lib_shutdown_stdio_1                0x0001b147   Thumb Code     0  libshutdown2.o(.ARM.Collect$$libshutdown$$00000004)
    __rt_lib_shutdown_user_alloc_1           0x0001b147   Thumb Code     0  libshutdown2.o(.ARM.Collect$$libshutdown$$0000000C)
    __rt_entry                               0x0001b149   Thumb Code     0  __rtentry.o(.ARM.Collect$$rtentry$$00000000)
    __rt_entry_presh_1                       0x0001b149   Thumb Code     0  __rtentry2.o(.ARM.Collect$$rtentry$$00000002)
    __rt_entry_sh                            0x0001b149   Thumb Code     0  __rtentry4.o(.ARM.Collect$$rtentry$$00000004)
    __rt_entry_li                            0x0001b14f   Thumb Code     0  __rtentry2.o(.ARM.Collect$$rtentry$$0000000A)
    __rt_entry_postsh_1                      0x0001b14f   Thumb Code     0  __rtentry2.o(.ARM.Collect$$rtentry$$00000009)
    __rt_entry_main                          0x0001b153   Thumb Code     0  __rtentry2.o(.ARM.Collect$$rtentry$$0000000D)
    __rt_entry_postli_1                      0x0001b153   Thumb Code     0  __rtentry2.o(.ARM.Collect$$rtentry$$0000000C)
    __rt_exit                                0x0001b15b   Thumb Code     0  rtexit.o(.ARM.Collect$$rtexit$$00000000)
    __rt_exit_ls                             0x0001b15d   Thumb Code     0  rtexit2.o(.ARM.Collect$$rtexit$$00000003)
    __rt_exit_prels_1                        0x0001b15d   Thumb Code     0  rtexit2.o(.ARM.Collect$$rtexit$$00000002)
    __rt_exit_exit                           0x0001b161   Thumb Code     0  rtexit2.o(.ARM.Collect$$rtexit$$00000004)
    __asm___11_nrf_delay_c_532987f3__nrf_delay_us 0x0001b169   Thumb Code    30  nrf_delay.o(.emb_text)
    __asm___13_nrf_drv_twi_c_a9bcf68d__nrf_delay_us 0x0001b189   Thumb Code    30  nrf_drv_twi.o(.emb_text)
    __asm___11_app_timer_c_cd27f9c3__nrf_delay_us 0x0001b1a9   Thumb Code    30  app_timer.o(.emb_text)
    __aeabi_memcpy4                          0x0001b1c9   Thumb Code    56  rt_memcpy.o(.emb_text)
    __aeabi_memcpy8                          0x0001b1c9   Thumb Code     0  rt_memcpy.o(.emb_text)
    Reset_Handler                            0x0001b201   Thumb Code    26  arm_startup_nrf51.o(.text)
    NMI_Handler                              0x0001b21b   Thumb Code     2  arm_startup_nrf51.o(.text)
    HardFault_Handler                        0x0001b21d   Thumb Code     2  arm_startup_nrf51.o(.text)
    SVC_Handler                              0x0001b21f   Thumb Code     2  arm_startup_nrf51.o(.text)
    PendSV_Handler                           0x0001b221   Thumb Code     2  arm_startup_nrf51.o(.text)
    SysTick_Handler                          0x0001b223   Thumb Code     2  arm_startup_nrf51.o(.text)
    ADC_IRQHandler                           0x0001b225   Thumb Code     0  arm_startup_nrf51.o(.text)
    CCM_AAR_IRQHandler                       0x0001b225   Thumb Code     0  arm_startup_nrf51.o(.text)
    ECB_IRQHandler                           0x0001b225   Thumb Code     0  arm_startup_nrf51.o(.text)
    LPCOMP_IRQHandler                        0x0001b225   Thumb Code     0  arm_startup_nrf51.o(.text)
    POWER_CLOCK_IRQHandler                   0x0001b225   Thumb Code     0  arm_startup_nrf51.o(.text)
    QDEC_IRQHandler                          0x0001b225   Thumb Code     0  arm_startup_nrf51.o(.text)
    RADIO_IRQHandler                         0x0001b225   Thumb Code     0  arm_startup_nrf51.o(.text)
    RNG_IRQHandler                           0x0001b225   Thumb Code     0  arm_startup_nrf51.o(.text)
    RTC0_IRQHandler                          0x0001b225   Thumb Code     0  arm_startup_nrf51.o(.text)
    SPI1_TWI1_IRQHandler                     0x0001b225   Thumb Code     0  arm_startup_nrf51.o(.text)
    SWI1_IRQHandler                          0x0001b225   Thumb Code     0  arm_startup_nrf51.o(.text)
    SWI3_IRQHandler                          0x0001b225   Thumb Code     0  arm_startup_nrf51.o(.text)
    SWI4_IRQHandler                          0x0001b225   Thumb Code     0  arm_startup_nrf51.o(.text)
    SWI5_IRQHandler                          0x0001b225   Thumb Code     0  arm_startup_nrf51.o(.text)
    TEMP_IRQHandler                          0x0001b225   Thumb Code     0  arm_startup_nrf51.o(.text)
    TIMER0_IRQHandler                        0x0001b225   Thumb Code     0  arm_startup_nrf51.o(.text)
    TIMER1_IRQHandler                        0x0001b225   Thumb Code     0  arm_startup_nrf51.o(.text)
    TIMER2_IRQHandler                        0x0001b225   Thumb Code     0  arm_startup_nrf51.o(.text)
    WDT_IRQHandler                           0x0001b225   Thumb Code     0  arm_startup_nrf51.o(.text)
    __user_initial_stackheap                 0x0001b229   Thumb Code    10  arm_startup_nrf51.o(.text)
    __use_no_semihosting                     0x0001b255   Thumb Code     2  use_no_semi_2.o(.text)
    __2sprintf                               0x0001b259   Thumb Code    40  __2sprintf.o(.text)
    _printf_pre_padding                      0x0001b285   Thumb Code    44  _printf_pad.o(.text)
    _printf_post_padding                     0x0001b2b1   Thumb Code    34  _printf_pad.o(.text)
    __printf                                 0x0001b2d5   Thumb Code   386  __printf_flags_ss_wp.o(.text)
    __aeabi_memcpy                           0x0001b45d   Thumb Code   130  rt_memcpy.o(.text)
    __rt_memcpy                              0x0001b45d   Thumb Code     0  rt_memcpy.o(.text)
    _memset_w                                0x0001b4df   Thumb Code    26  rt_memclr.o(.text)
    _memset                                  0x0001b4f9   Thumb Code    30  rt_memclr.o(.text)
    __aeabi_memclr                           0x0001b517   Thumb Code     4  rt_memclr.o(.text)
    __rt_memclr                              0x0001b517   Thumb Code     0  rt_memclr.o(.text)
    __aeabi_memclr4                          0x0001b51b   Thumb Code     0  rt_memclr.o(.text)
    __aeabi_memclr8                          0x0001b51b   Thumb Code     0  rt_memclr.o(.text)
    __rt_memclr_w                            0x0001b51b   Thumb Code     4  rt_memclr.o(.text)
    strcmp                                   0x0001b521   Thumb Code   132  strcmp.o(.text)
    __aeabi_uidiv                            0x0001b5a9   Thumb Code     0  aeabi_sdiv.o(.text)
    __aeabi_uidivmod                         0x0001b5a9   Thumb Code    20  aeabi_sdiv.o(.text)
    __aeabi_idiv                             0x0001b5bd   Thumb Code     0  aeabi_sdiv.o(.text)
    __aeabi_idivmod                          0x0001b5bd   Thumb Code   326  aeabi_sdiv.o(.text)
    __use_two_region_memory                  0x0001b703   Thumb Code     2  heapauxi.o(.text)
    __rt_heap_escrow                         0x0001b705   Thumb Code     2  heapauxi.o(.text)
    __rt_heap_expand                         0x0001b707   Thumb Code     2  heapauxi.o(.text)
    __aeabi_d2f                              0x0001b709   Thumb Code     0  d2f.o(.text)
    _d2f                                     0x0001b709   Thumb Code   120  d2f.o(.text)
    __aeabi_i2d_normalise                    0x0001b785   Thumb Code    66  dflti.o(.text)
    __aeabi_i2d                              0x0001b7c7   Thumb Code    16  dflti.o(.text)
    _dflt                                    0x0001b7c7   Thumb Code     0  dflti.o(.text)
    __aeabi_ui2d                             0x0001b7d7   Thumb Code     6  dflti.o(.text)
    _dfltu                                   0x0001b7d7   Thumb Code     0  dflti.o(.text)
    __aeabi_dmul                             0x0001b7dd   Thumb Code     0  dmul.o(.text)
    _dmul                                    0x0001b7dd   Thumb Code   558  dmul.o(.text)
    __aeabi_f2d                              0x0001ba25   Thumb Code     0  f2d.o(.text)
    _f2d                                     0x0001ba25   Thumb Code    80  f2d.o(.text)
    __aeabi_f2iz                             0x0001ba79   Thumb Code     0  ffixi.o(.text)
    _ffix                                    0x0001ba79   Thumb Code    76  ffixi.o(.text)
    __aeabi_i2f_normalise                    0x0001bac5   Thumb Code    72  fflti.o(.text)
    __aeabi_i2f                              0x0001bb0d   Thumb Code    16  fflti.o(.text)
    _fflt                                    0x0001bb0d   Thumb Code     0  fflti.o(.text)
    __aeabi_ui2f                             0x0001bb1d   Thumb Code     6  fflti.o(.text)
    _ffltu                                   0x0001bb1d   Thumb Code     0  fflti.o(.text)
    __ARM_scalbnf                            0x0001bb25   Thumb Code    64  fscalbn.o(.text)
    __semihosting$guard                      0x0001bb69   Thumb Code     0  use_no_semi.o(.text)
    __use_no_semihosting_swi                 0x0001bb69   Thumb Code     2  use_no_semi.o(.text)
    __read_errno                             0x0001bb6b   Thumb Code    10  _rserrno.o(.text)
    __set_errno                              0x0001bb75   Thumb Code    12  _rserrno.o(.text)
    __lib_sel_fp_printf                      0x0001bb81   Thumb Code     2  _printf_fp_dec.o(.text)
    _printf_fp_dec_real                      0x0001bd1b   Thumb Code   620  _printf_fp_dec.o(.text)
    _printf_char_common                      0x0001bf9f   Thumb Code    32  _printf_char_common.o(.text)
    _sputc                                   0x0001bfc5   Thumb Code    10  _sputc.o(.text)
    __aeabi_dadd                             0x0001c2c9   Thumb Code     0  daddsub.o(.text)
    _dadd                                    0x0001c2c9   Thumb Code    26  daddsub.o(.text)
    __aeabi_dsub                             0x0001c2e3   Thumb Code     0  daddsub.o(.text)
    _dsub                                    0x0001c2e3   Thumb Code    22  daddsub.o(.text)
    __aeabi_drsub                            0x0001c2f9   Thumb Code     0  daddsub.o(.text)
    _drsb                                    0x0001c2f9   Thumb Code    28  daddsub.o(.text)
    __aeabi_ddiv                             0x0001c329   Thumb Code     0  ddiv.o(.text)
    _ddiv                                    0x0001c329   Thumb Code  1072  ddiv.o(.text)
    _drdiv                                   0x0001c759   Thumb Code    20  ddiv.o(.text)
    __ARM_scalbn                             0x0001c771   Thumb Code    84  dscalbn.o(.text)
    __rt_locale                              0x0001c7d1   Thumb Code     8  rt_locale_intlibspace.o(.text)
    __aeabi_errno_addr                       0x0001c7d9   Thumb Code     8  rt_errno_addr_intlibspace.o(.text)
    __errno$intlibspace                      0x0001c7d9   Thumb Code     0  rt_errno_addr_intlibspace.o(.text)
    __rt_errno_addr$intlibspace              0x0001c7d9   Thumb Code     0  rt_errno_addr_intlibspace.o(.text)
    _ll_udiv10                               0x0001c7e1   Thumb Code   122  lludiv10.o(.text)
    _printf_fp_infnan                        0x0001c85d   Thumb Code   120  _printf_fp_infnan.o(.text)
    _btod_etento                             0x0001c8e5   Thumb Code   196  bigflt0.o(.text)
    _btod_d2e                                0x0001c9ad   Thumb Code    64  btod.o(.text)
    _btod_emul                               0x0001cda3   Thumb Code    24  btod.o(.text)
    _btod_emuld                              0x0001cdbb   Thumb Code    60  btod.o(.text)
    _btod_ediv                               0x0001cdf7   Thumb Code    22  btod.o(.text)
    _btod_edivd                              0x0001ce0d   Thumb Code    60  btod.o(.text)
    __rt_udiv10                              0x0001ce55   Thumb Code    40  rtudiv10.o(.text)
    __fpl_dcmp_InfNaN                        0x0001ce7d   Thumb Code   140  dcmpin.o(.text)
    _dsqrt                                   0x0001cf0d   Thumb Code   248  dsqrt.o(.text)
    __user_libspace                          0x0001d00d   Thumb Code     8  libspace.o(.text)
    __user_perproc_libspace                  0x0001d00d   Thumb Code     0  libspace.o(.text)
    __user_perthread_libspace                0x0001d00d   Thumb Code     0  libspace.o(.text)
    __user_setup_stackheap                   0x0001d015   Thumb Code    62  sys_stackheap_outer.o(.text)
    exit                                     0x0001d053   Thumb Code    16  exit.o(.text)
    __fpl_cmpreturn                          0x0001d063   Thumb Code    46  cmpret.o(.text)
    __fpl_dcheck_NaN2                        0x0001d091   Thumb Code    14  dnan2.o(.text)
    __fpl_return_NaN                         0x0001d0a5   Thumb Code    94  retnan.o(.text)
    __decompress                             0x0001d103   Thumb Code     0  __dczerorl2.o(.text)
    __decompress1                            0x0001d103   Thumb Code    86  __dczerorl2.o(.text)
    GPIOTE_IRQHandler                        0x0001d159   Thumb Code   312  nrf_drv_gpiote.o(i.GPIOTE_IRQHandler)
    RTC1_IRQHandler                          0x0001d2f1   Thumb Code    28  app_timer.o(i.RTC1_IRQHandler)
    SEGGER_RTT_Write                         0x0001d311   Thumb Code   140  segger_rtt.o(i.SEGGER_RTT_Write)
    SEGGER_RTT_printf                        0x0001d3a1   Thumb Code    24  segger_rtt_printf.o(i.SEGGER_RTT_printf)
    SEGGER_RTT_vprintf                       0x0001d3b9   Thumb Code   398  segger_rtt_printf.o(i.SEGGER_RTT_vprintf)
    SPI0_TWI0_IRQHandler                     0x0001d549   Thumb Code    12  nrf_drv_twi.o(i.SPI0_TWI0_IRQHandler)
    SWI0_IRQHandler                          0x0001d55d   Thumb Code     8  app_timer.o(i.SWI0_IRQHandler)
    SWI2_IRQHandler                          0x0001d565   Thumb Code    28  softdevice_handler.o(i.SWI2_IRQHandler)
    SystemInit                               0x0001d585   Thumb Code   130  system_nrf51.o(i.SystemInit)
    UART0_IRQHandler                         0x0001d625   Thumb Code     8  nrf_drv_uart.o(i.UART0_IRQHandler)
    __ARM_common_ll_muluu                    0x0001d813   Thumb Code    48  btod.o(i.__ARM_common_ll_muluu)
    __ARM_common_switch8                     0x0001d843   Thumb Code    26  bsp.o(i.__ARM_common_switch8)
    __ARM_fpclassify                         0x0001d85d   Thumb Code    40  fpclassify.o(i.__ARM_fpclassify)
    __kernel_poly                            0x0001d889   Thumb Code   172  poly.o(i.__kernel_poly)
    __mathlib_dbl_divzero                    0x0001d935   Thumb Code    16  dunder.o(i.__mathlib_dbl_divzero)
    __mathlib_dbl_infnan2                    0x0001d949   Thumb Code     8  dunder.o(i.__mathlib_dbl_infnan2)
    __mathlib_dbl_invalid                    0x0001d951   Thumb Code    16  dunder.o(i.__mathlib_dbl_invalid)
    __mathlib_dbl_overflow                   0x0001d961   Thumb Code    16  dunder.o(i.__mathlib_dbl_overflow)
    __mathlib_dbl_underflow                  0x0001d975   Thumb Code    14  dunder.o(i.__mathlib_dbl_underflow)
    _is_digit                                0x0001d989   Thumb Code    14  __printf_wp.o(i._is_digit)
    _sys_exit                                0x0001d997   Thumb Code     2  rtt_syscalls_keil.o(i._sys_exit)
    adv_data_encode                          0x0001d999   Thumb Code   534  ble_advdata.o(i.adv_data_encode)
    app_error_fault_handler                  0x0001dbed   Thumb Code    18  app_error_weak.o(i.app_error_fault_handler)
    app_error_handler_bare                   0x0001dc09   Thumb Code    20  app_error.o(i.app_error_handler_bare)
    app_fifo_get                             0x0001dc21   Thumb Code    22  app_fifo.o(i.app_fifo_get)
    app_fifo_put                             0x0001dc37   Thumb Code    26  app_fifo.o(i.app_fifo_put)
    app_timer_create                         0x0001dc51   Thumb Code    40  app_timer.o(i.app_timer_create)
    app_timer_init                           0x0001dc7d   Thumb Code   126  app_timer.o(i.app_timer_init)
    app_timer_start                          0x0001dd0d   Thumb Code   114  app_timer.o(i.app_timer_start)
    app_timer_stop                           0x0001dd89   Thumb Code    78  app_timer.o(i.app_timer_stop)
    app_uart_put                             0x0001dddd   Thumb Code    48  app_uart_fifo.o(i.app_uart_put)
    ble_advdata_set                          0x0001de15   Thumb Code   104  ble_advdata.o(i.ble_advdata_set)
    ble_advertising_init                     0x0001de7d   Thumb Code   284  ble_advertising.o(i.ble_advertising_init)
    ble_advertising_on_ble_evt               0x0001dfa1   Thumb Code   118  ble_advertising.o(i.ble_advertising_on_ble_evt)
    ble_advertising_start                    0x0001e02d   Thumb Code   482  ble_advertising.o(i.ble_advertising_start)
    ble_conn_params_init                     0x0001e219   Thumb Code    68  ble_conn_params.o(i.ble_conn_params_init)
    ble_conn_params_on_ble_evt               0x0001e26d   Thumb Code   132  ble_conn_params.o(i.ble_conn_params_on_ble_evt)
    ble_nus_init                             0x0001e385   Thumb Code    98  ble_nus.o(i.ble_nus_init)
    ble_nus_on_ble_evt                       0x0001e3ed   Thumb Code    88  ble_nus.o(i.ble_nus_on_ble_evt)
    ble_nus_string_send                      0x0001e445   Thumb Code    78  ble_nus.o(i.ble_nus_string_send)
    bsp_btn_ble_on_ble_evt                   0x0001e509   Thumb Code   114  bsp_btn_ble.o(i.bsp_btn_ble_on_ble_evt)
    bsp_btn_ble_sleep_mode_prepare           0x0001e581   Thumb Code    20  bsp_btn_ble.o(i.bsp_btn_ble_sleep_mode_prepare)
    bsp_event_to_button_action_assign        0x0001e635   Thumb Code    66  bsp.o(i.bsp_event_to_button_action_assign)
    bsp_indication_set                       0x0001e67d   Thumb Code    22  bsp.o(i.bsp_indication_set)
    bsp_wakeup_buttons_set                   0x0001e891   Thumb Code    50  bsp.o(i.bsp_wakeup_buttons_set)
    fs_queued_op_count_get                   0x0001eae5   Thumb Code    18  fstorage.o(i.fs_queued_op_count_get)
    initializeIMU                            0x0001ebed   Thumb Code    78  main.o(i.initializeIMU)
    intern_softdevice_events_execute         0x0001ec69   Thumb Code   116  softdevice_handler.o(i.intern_softdevice_events_execute)
    main                                     0x0001efd5   Thumb Code   422  main.o(i.main)
    nrf_delay_ms                             0x0001f305   Thumb Code    24  nrf_delay.o(i.nrf_delay_ms)
    nrf_drv_common_irq_enable                0x0001f321   Thumb Code    78  nrf_drv_common.o(i.nrf_drv_common_irq_enable)
    nrf_drv_twi_enable                       0x0001f381   Thumb Code    28  nrf_drv_twi.o(i.nrf_drv_twi_enable)
    nrf_drv_twi_init                         0x0001f3a1   Thumb Code   126  nrf_drv_twi.o(i.nrf_drv_twi_init)
    nrf_drv_twi_rx                           0x0001f431   Thumb Code    30  nrf_drv_twi.o(i.nrf_drv_twi_rx)
    nrf_drv_twi_tx                           0x0001f455   Thumb Code    36  nrf_drv_twi.o(i.nrf_drv_twi_tx)
    nrf_drv_twi_xfer                         0x0001f479   Thumb Code    36  nrf_drv_twi.o(i.nrf_drv_twi_xfer)
    nrf_drv_uart_tx                          0x0001f4a1   Thumb Code    32  nrf_drv_uart.o(i.nrf_drv_uart_tx)
    nrf_drv_uart_tx_in_progress              0x0001f539   Thumb Code    12  nrf_drv_uart.o(i.nrf_drv_uart_tx_in_progress)
    pow                                      0x0001f6fd   Thumb Code  2548  pow.o(i.pow)
    pstorage_access_status_get               0x000200f9   Thumb Code    30  pstorage.o(i.pstorage_access_status_get)
    qToFloat_                                0x00020121   Thumb Code    54  main.o(i.qToFloat_)
    sd_check_ram_start                       0x00020291   Thumb Code    10  softdevice_handler.o(i.sd_check_ram_start)
    sendDataPacket                           0x00020399   Thumb Code    56  main.o(i.sendDataPacket)
    setFeature                               0x0002046d   Thumb Code    70  main.o(i.setFeature)
    softdevice_ble_evt_handler_set           0x000204e1   Thumb Code    16  softdevice_handler.o(i.softdevice_ble_evt_handler_set)
    softdevice_enable                        0x000204f5   Thumb Code    14  softdevice_handler.o(i.softdevice_enable)
    softdevice_enable_get_default_config     0x00020509   Thumb Code    40  softdevice_handler.o(i.softdevice_enable_get_default_config)
    softdevice_fault_handler                 0x00020531   Thumb Code     8  softdevice_handler.o(i.softdevice_fault_handler)
    softdevice_handler_init                  0x00020539   Thumb Code    42  softdevice_handler.o(i.softdevice_handler_init)
    sqrt                                     0x0002056d   Thumb Code    66  sqrt.o(i.sqrt)
    twi_handler                              0x000207a1   Thumb Code    58  main.o(i.twi_handler)
    twi_init                                 0x000207e9   Thumb Code    42  main.o(i.twi_init)
    _get_lc_numeric                          0x00020ec1   Thumb Code    44  lc_numeric_c.o(locale$$code)
    __aeabi_cdrcmple                         0x00020eed   Thumb Code     0  drlef.o(x$fpl$drleqf)
    _drcmple                                 0x00020eed   Thumb Code   100  drlef.o(x$fpl$drleqf)
    __aeabi_fmul                             0x00020f55   Thumb Code     0  fmul.o(x$fpl$fmul)
    _fmul                                    0x00020f55   Thumb Code   172  fmul.o(x$fpl$fmul)
    _printf_fp_dec                           0x00021005   Thumb Code    16  printf1.o(x$fpl$printf1)
    __I$use$fp                               0x00021014   Number         0  usenofp.o(x$fpl$usenofp)
    __mathlib_zero                           0x000211c8   Data           8  qnan.o(.constdata)
    Region$$Table$$Base                      0x00021270   Number         0  anon$$obj.o(Region$$Table)
    Region$$Table$$Limit                     0x00021290   Number         0  anon$$obj.o(Region$$Table)
    Image$$RW_IRAM1$$Base                    0x20001fe8   Number         0  anon$$obj.o ABSOLUTE
    TX_Complete                              0x20001fea   Data           1  main.o(.data)
    sequenceNumber                           0x20002008   Data           6  main.o(.data)
    nrf_nvic_state                           0x20002140   Data           8  softdevice_handler.o(.data)
    SystemCoreClock                          0x20002148   Data           4  system_nrf51.o(.data)
    shtpData                                 0x200023a4   Data         128  main.o(.bss)
    str                                      0x20002424   Data          24  main.o(.bss)
    __libspace_start                         0x20002bd4   Data          96  libspace.o(.bss)
    __temporary_stack_top$libspace           0x20002c34   Data           0  libspace.o(.bss)



==============================================================================

Memory Map of the image

  Image Entry point : 0x0001b0c1

  Load Region LR_IROM1 (Base: 0x0001b000, Size: 0x00006410, Max: 0x00025000, ABSOLUTE, COMPRESSED[0x000062e0])

    Execution Region ER_IROM1 (Base: 0x0001b000, Size: 0x000062ac, Max: 0x00025000, ABSOLUTE)

    Base Addr    Size         Type   Attr      Idx    E Section Name        Object

    0x0001b000   0x000000c0   Data   RO         2614    RESET               arm_startup_nrf51.o
    0x0001b0c0   0x00000008   Code   RO         2718  * !!!main             c_p.l(__main.o)
    0x0001b0c8   0x0000003c   Code   RO         3218    !!!scatter          c_p.l(__scatter.o)
    0x0001b104   0x0000001c   Code   RO         3220    !!handler_zi        c_p.l(__scatter_zi.o)
    0x0001b120   0x00000002   Code   RO         2691    .ARM.Collect$$_printf_percent$$00000000  c_p.l(_printf_percent.o)
    0x0001b122   0x0000000a   Code   RO         2690    .ARM.Collect$$_printf_percent$$00000003  c_p.l(_printf_f.o)
    0x0001b12c   0x00000004   Code   RO         2817    .ARM.Collect$$_printf_percent$$00000017  c_p.l(_printf_percent_end.o)
    0x0001b130   0x00000002   Code   RO         3136    .ARM.Collect$$libinit$$00000000  c_p.l(libinit.o)
    0x0001b132   0x00000000   Code   RO         3014    .ARM.Collect$$libinit$$00000002  c_p.l(libinit2.o)
    0x0001b132   0x00000000   Code   RO         3016    .ARM.Collect$$libinit$$00000004  c_p.l(libinit2.o)
    0x0001b132   0x00000000   Code   RO         3019    .ARM.Collect$$libinit$$0000000A  c_p.l(libinit2.o)
    0x0001b132   0x00000000   Code   RO         3021    .ARM.Collect$$libinit$$0000000C  c_p.l(libinit2.o)
    0x0001b132   0x00000000   Code   RO         3023    .ARM.Collect$$libinit$$0000000E  c_p.l(libinit2.o)
    0x0001b132   0x00000006   Code   RO         3024    .ARM.Collect$$libinit$$0000000F  c_p.l(libinit2.o)
    0x0001b138   0x00000000   Code   RO         3026    .ARM.Collect$$libinit$$00000011  c_p.l(libinit2.o)
    0x0001b138   0x00000000   Code   RO         3028    .ARM.Collect$$libinit$$00000013  c_p.l(libinit2.o)
    0x0001b138   0x00000000   Code   RO         3030    .ARM.Collect$$libinit$$00000015  c_p.l(libinit2.o)
    0x0001b138   0x0000000a   Code   RO         3031    .ARM.Collect$$libinit$$00000016  c_p.l(libinit2.o)
    0x0001b142   0x00000000   Code   RO         3032    .ARM.Collect$$libinit$$00000017  c_p.l(libinit2.o)
    0x0001b142   0x00000000   Code   RO         3034    .ARM.Collect$$libinit$$00000019  c_p.l(libinit2.o)
    0x0001b142   0x00000000   Code   RO         3036    .ARM.Collect$$libinit$$0000001B  c_p.l(libinit2.o)
    0x0001b142   0x00000000   Code   RO         3038    .ARM.Collect$$libinit$$0000001D  c_p.l(libinit2.o)
    0x0001b142   0x00000000   Code   RO         3040    .ARM.Collect$$libinit$$0000001F  c_p.l(libinit2.o)
    0x0001b142   0x00000000   Code   RO         3042    .ARM.Collect$$libinit$$00000021  c_p.l(libinit2.o)
    0x0001b142   0x00000000   Code   RO         3044    .ARM.Collect$$libinit$$00000023  c_p.l(libinit2.o)
    0x0001b142   0x00000000   Code   RO         3046    .ARM.Collect$$libinit$$00000025  c_p.l(libinit2.o)
    0x0001b142   0x00000000   Code   RO         3050    .ARM.Collect$$libinit$$0000002C  c_p.l(libinit2.o)
    0x0001b142   0x00000000   Code   RO         3052    .ARM.Collect$$libinit$$0000002E  c_p.l(libinit2.o)
    0x0001b142   0x00000000   Code   RO         3054    .ARM.Collect$$libinit$$00000030  c_p.l(libinit2.o)
    0x0001b142   0x00000000   Code   RO         3056    .ARM.Collect$$libinit$$00000032  c_p.l(libinit2.o)
    0x0001b142   0x00000002   Code   RO         3057    .ARM.Collect$$libinit$$00000033  c_p.l(libinit2.o)
    0x0001b144   0x00000002   Code   RO         3213    .ARM.Collect$$libshutdown$$00000000  c_p.l(libshutdown.o)
    0x0001b146   0x00000000   Code   RO         3059    .ARM.Collect$$libshutdown$$00000002  c_p.l(libshutdown2.o)
    0x0001b146   0x00000000   Code   RO         3061    .ARM.Collect$$libshutdown$$00000004  c_p.l(libshutdown2.o)
    0x0001b146   0x00000000   Code   RO         3064    .ARM.Collect$$libshutdown$$00000007  c_p.l(libshutdown2.o)
    0x0001b146   0x00000000   Code   RO         3067    .ARM.Collect$$libshutdown$$0000000A  c_p.l(libshutdown2.o)
    0x0001b146   0x00000000   Code   RO         3069    .ARM.Collect$$libshutdown$$0000000C  c_p.l(libshutdown2.o)
    0x0001b146   0x00000000   Code   RO         3072    .ARM.Collect$$libshutdown$$0000000F  c_p.l(libshutdown2.o)
    0x0001b146   0x00000002   Code   RO         3073    .ARM.Collect$$libshutdown$$00000010  c_p.l(libshutdown2.o)
    0x0001b148   0x00000000   Code   RO         2750    .ARM.Collect$$rtentry$$00000000  c_p.l(__rtentry.o)
    0x0001b148   0x00000000   Code   RO         2882    .ARM.Collect$$rtentry$$00000002  c_p.l(__rtentry2.o)
    0x0001b148   0x00000006   Code   RO         2894    .ARM.Collect$$rtentry$$00000004  c_p.l(__rtentry4.o)
    0x0001b14e   0x00000000   Code   RO         2884    .ARM.Collect$$rtentry$$00000009  c_p.l(__rtentry2.o)
    0x0001b14e   0x00000004   Code   RO         2885    .ARM.Collect$$rtentry$$0000000A  c_p.l(__rtentry2.o)
    0x0001b152   0x00000000   Code   RO         2887    .ARM.Collect$$rtentry$$0000000C  c_p.l(__rtentry2.o)
    0x0001b152   0x00000008   Code   RO         2888    .ARM.Collect$$rtentry$$0000000D  c_p.l(__rtentry2.o)
    0x0001b15a   0x00000002   Code   RO         3144    .ARM.Collect$$rtexit$$00000000  c_p.l(rtexit.o)
    0x0001b15c   0x00000000   Code   RO         3181    .ARM.Collect$$rtexit$$00000002  c_p.l(rtexit2.o)
    0x0001b15c   0x00000004   Code   RO         3182    .ARM.Collect$$rtexit$$00000003  c_p.l(rtexit2.o)
    0x0001b160   0x00000006   Code   RO         3183    .ARM.Collect$$rtexit$$00000004  c_p.l(rtexit2.o)
    0x0001b166   0x00000002   PAD
    0x0001b168   0x0000001e   Code   RO          909    .emb_text           nrf_delay.o
    0x0001b186   0x00000002   PAD
    0x0001b188   0x0000001e   Code   RO         1573    .emb_text           nrf_drv_twi.o
    0x0001b1a6   0x00000002   PAD
    0x0001b1a8   0x0000001e   Code   RO         1899    .emb_text           app_timer.o
    0x0001b1c6   0x00000002   PAD
    0x0001b1c8   0x00000038   Code   RO         2704    .emb_text           c_p.l(rt_memcpy.o)
    0x0001b200   0x00000054   Code   RO         2615    .text               arm_startup_nrf51.o
    0x0001b254   0x00000002   Code   RO         2658    .text               c_p.l(use_no_semi_2.o)
    0x0001b256   0x00000002   PAD
    0x0001b258   0x0000002c   Code   RO         2662    .text               c_p.l(__2sprintf.o)
    0x0001b284   0x0000004e   Code   RO         2668    .text               c_p.l(_printf_pad.o)
    0x0001b2d2   0x00000002   PAD
    0x0001b2d4   0x00000188   Code   RO         2687    .text               c_p.l(__printf_flags_ss_wp.o)
    0x0001b45c   0x00000082   Code   RO         2705    .text               c_p.l(rt_memcpy.o)
    0x0001b4de   0x00000040   Code   RO         2708    .text               c_p.l(rt_memclr.o)
    0x0001b51e   0x00000002   PAD
    0x0001b520   0x00000088   Code   RO         2710    .text               c_p.l(strcmp.o)
    0x0001b5a8   0x0000015a   Code   RO         2712    .text               c_p.l(aeabi_sdiv.o)
    0x0001b702   0x00000006   Code   RO         2716    .text               c_p.l(heapauxi.o)
    0x0001b708   0x0000007c   Code   RO         2720    .text               fz_ps.l(d2f.o)
    0x0001b784   0x00000058   Code   RO         2722    .text               fz_ps.l(dflti.o)
    0x0001b7dc   0x00000248   Code   RO         2724    .text               fz_ps.l(dmul.o)
    0x0001ba24   0x00000054   Code   RO         2726    .text               fz_ps.l(f2d.o)
    0x0001ba78   0x0000004c   Code   RO         2728    .text               fz_ps.l(ffixi.o)
    0x0001bac4   0x0000005e   Code   RO         2730    .text               fz_ps.l(fflti.o)
    0x0001bb22   0x00000002   PAD
    0x0001bb24   0x00000044   Code   RO         2734    .text               fz_ps.l(fscalbn.o)
    0x0001bb68   0x00000002   Code   RO         2748    .text               c_p.l(use_no_semi.o)
    0x0001bb6a   0x00000016   Code   RO         2755    .text               c_p.l(_rserrno.o)
    0x0001bb80   0x00000414   Code   RO         2765    .text               c_p.l(_printf_fp_dec.o)
    0x0001bf94   0x00000030   Code   RO         2767    .text               c_p.l(_printf_char_common.o)
    0x0001bfc4   0x0000000a   Code   RO         2769    .text               c_p.l(_sputc.o)
    0x0001bfce   0x00000002   PAD
    0x0001bfd0   0x00000358   Code   RO         2836    .text               fz_ps.l(daddsub.o)
    0x0001c328   0x00000448   Code   RO         2838    .text               fz_ps.l(ddiv.o)
    0x0001c770   0x00000060   Code   RO         2843    .text               fz_ps.l(dscalbn.o)
    0x0001c7d0   0x00000008   Code   RO         2901    .text               c_p.l(rt_locale_intlibspace.o)
    0x0001c7d8   0x00000008   Code   RO         2906    .text               c_p.l(rt_errno_addr_intlibspace.o)
    0x0001c7e0   0x0000007a   Code   RO         2964    .text               c_p.l(lludiv10.o)
    0x0001c85a   0x00000002   PAD
    0x0001c85c   0x00000088   Code   RO         2971    .text               c_p.l(_printf_fp_infnan.o)
    0x0001c8e4   0x000000c8   Code   RO         2979    .text               c_p.l(bigflt0.o)
    0x0001c9ac   0x000004a8   Code   RO         2982    .text               c_p.l(btod.o)
    0x0001ce54   0x00000028   Code   RO         3011    .text               c_p.l(rtudiv10.o)
    0x0001ce7c   0x00000090   Code   RO         3074    .text               fz_ps.l(dcmpin.o)
    0x0001cf0c   0x00000100   Code   RO         3078    .text               fz_ps.l(dsqrt.o)
    0x0001d00c   0x00000008   Code   RO         3082    .text               c_p.l(libspace.o)
    0x0001d014   0x0000003e   Code   RO         3085    .text               c_p.l(sys_stackheap_outer.o)
    0x0001d052   0x00000010   Code   RO         3119    .text               c_p.l(exit.o)
    0x0001d062   0x0000002e   Code   RO         3137    .text               fz_ps.l(cmpret.o)
    0x0001d090   0x00000014   Code   RO         3139    .text               fz_ps.l(dnan2.o)
    0x0001d0a4   0x0000005e   Code   RO         3178    .text               fz_ps.l(retnan.o)
    0x0001d102   0x00000056   Code   RO         3216    .text               c_p.l(__dczerorl2.o)
    0x0001d158   0x00000154   Code   RO          970    i.GPIOTE_IRQHandler  nrf_drv_gpiote.o
    0x0001d2ac   0x00000044   Code   RO         1900    i.NVIC_SetPriority  app_timer.o
    0x0001d2f0   0x00000020   Code   RO         1901    i.RTC1_IRQHandler   app_timer.o
    0x0001d310   0x00000090   Code   RO         2325    i.SEGGER_RTT_Write  segger_rtt.o
    0x0001d3a0   0x00000018   Code   RO         2395    i.SEGGER_RTT_printf  segger_rtt_printf.o
    0x0001d3b8   0x0000018e   Code   RO         2396    i.SEGGER_RTT_vprintf  segger_rtt_printf.o
    0x0001d546   0x00000002   PAD
    0x0001d548   0x00000014   Code   RO         1574    i.SPI0_TWI0_IRQHandler  nrf_drv_twi.o
    0x0001d55c   0x00000008   Code   RO         1902    i.SWI0_IRQHandler   app_timer.o
    0x0001d564   0x00000020   Code   RO         2519    i.SWI2_IRQHandler   softdevice_handler.o
    0x0001d584   0x000000a0   Code   RO         2622    i.SystemInit        system_nrf51.o
    0x0001d624   0x00000008   Code   RO         1160    i.UART0_IRQHandler  nrf_drv_uart.o
    0x0001d62c   0x000000c4   Code   RO         2397    i._PrintInt         segger_rtt_printf.o
    0x0001d6f0   0x000000e4   Code   RO         2398    i._PrintUnsigned    segger_rtt_printf.o
    0x0001d7d4   0x0000003e   Code   RO         2399    i._StoreChar        segger_rtt_printf.o
    0x0001d812   0x00000030   Code   RO         2984    i.__ARM_common_ll_muluu  c_p.l(btod.o)
    0x0001d842   0x0000001a   Code   RO          454    i.__ARM_common_switch8  bsp.o
    0x0001d85c   0x0000002c   Code   RO         2866    i.__ARM_fpclassify  m_ps.l(fpclassify.o)
    0x0001d888   0x000000ac   Code   RO         2868    i.__kernel_poly     m_ps.l(poly.o)
    0x0001d934   0x00000014   Code   RO         2852    i.__mathlib_dbl_divzero  m_ps.l(dunder.o)
    0x0001d948   0x00000008   Code   RO         2854    i.__mathlib_dbl_infnan2  m_ps.l(dunder.o)
    0x0001d950   0x00000010   Code   RO         2855    i.__mathlib_dbl_invalid  m_ps.l(dunder.o)
    0x0001d960   0x00000014   Code   RO         2856    i.__mathlib_dbl_overflow  m_ps.l(dunder.o)
    0x0001d974   0x00000014   Code   RO         2858    i.__mathlib_dbl_underflow  m_ps.l(dunder.o)
    0x0001d988   0x0000000e   Code   RO         2680    i._is_digit         c_p.l(__printf_wp.o)
    0x0001d996   0x00000002   Code   RO         2432    i._sys_exit         rtt_syscalls_keil.o
    0x0001d998   0x00000216   Code   RO          508    i.adv_data_encode   ble_advdata.o
    0x0001dbae   0x0000003c   Code   RO          469    i.advertising_buttons_configure  bsp_btn_ble.o
    0x0001dbea   0x00000002   PAD
    0x0001dbec   0x0000001c   Code   RO         1810    i.app_error_fault_handler  app_error_weak.o
    0x0001dc08   0x00000018   Code   RO         1775    i.app_error_handler_bare  app_error.o
    0x0001dc20   0x00000016   Code   RO         1834    i.app_fifo_get      app_fifo.o
    0x0001dc36   0x0000001a   Code   RO         1837    i.app_fifo_put      app_fifo.o
    0x0001dc50   0x0000002c   Code   RO         1905    i.app_timer_create  app_timer.o
    0x0001dc7c   0x00000090   Code   RO         1906    i.app_timer_init    app_timer.o
    0x0001dd0c   0x0000007c   Code   RO         1907    i.app_timer_start   app_timer.o
    0x0001dd88   0x00000054   Code   RO         1908    i.app_timer_stop    app_timer.o
    0x0001dddc   0x00000038   Code   RO          842    i.app_uart_put      app_uart_fifo.o
    0x0001de14   0x00000068   Code   RO          509    i.ble_advdata_set   ble_advdata.o
    0x0001de7c   0x00000124   Code   RO          595    i.ble_advertising_init  ble_advertising.o
    0x0001dfa0   0x0000007c   Code   RO          596    i.ble_advertising_on_ble_evt  ble_advertising.o
    0x0001e01c   0x00000010   Code   RO          599    i.ble_advertising_peer_address_clear  ble_advertising.o
    0x0001e02c   0x000001ec   Code   RO          601    i.ble_advertising_start  ble_advertising.o
    0x0001e218   0x00000054   Code   RO          682    i.ble_conn_params_init  ble_conn_params.o
    0x0001e26c   0x00000090   Code   RO          683    i.ble_conn_params_on_ble_evt  ble_conn_params.o
    0x0001e2fc   0x0000005e   Code   RO          510    i.ble_device_addr_encode  ble_advdata.o
    0x0001e35a   0x00000002   PAD
    0x0001e35c   0x00000028   Code   RO            5    i.ble_evt_dispatch  main.o
    0x0001e384   0x00000068   Code   RO          752    i.ble_nus_init      ble_nus.o
    0x0001e3ec   0x00000058   Code   RO          753    i.ble_nus_on_ble_evt  ble_nus.o
    0x0001e444   0x00000054   Code   RO          754    i.ble_nus_string_send  ble_nus.o
    0x0001e498   0x00000070   Code   RO            6    i.ble_stack_init    main.o
    0x0001e508   0x00000078   Code   RO          471    i.bsp_btn_ble_on_ble_evt  bsp_btn_ble.o
    0x0001e580   0x00000014   Code   RO          472    i.bsp_btn_ble_sleep_mode_prepare  bsp_btn_ble.o
    0x0001e594   0x000000a0   Code   RO          361    i.bsp_button_event_handler  bsp.o
    0x0001e634   0x00000048   Code   RO          366    i.bsp_event_to_button_action_assign  bsp.o
    0x0001e67c   0x0000001c   Code   RO          367    i.bsp_indication_set  bsp.o
    0x0001e698   0x000001f8   Code   RO          370    i.bsp_led_indication  bsp.o
    0x0001e890   0x0000003c   Code   RO          371    i.bsp_wakeup_buttons_set  bsp.o
    0x0001e8cc   0x00000010   Code   RO          973    i.channel_port_get  nrf_drv_gpiote.o
    0x0001e8dc   0x000000a8   Code   RO         1910    i.compare_reg_update  app_timer.o
    0x0001e984   0x00000088   Code   RO          511    i.conn_int_encode   ble_advdata.o
    0x0001ea0c   0x00000008   Code   RO            8    i.conn_params_error_handler  main.o
    0x0001ea14   0x00000068   Code   RO          685    i.conn_params_negotiation  ble_conn_params.o
    0x0001ea7c   0x00000040   Code   RO         1911    i.elapsed_ticks_acquire  app_timer.o
    0x0001eabc   0x00000014   Code   RO         1840    i.fifo_get          app_fifo.o
    0x0001ead0   0x00000012   Code   RO         1841    i.fifo_put          app_fifo.o
    0x0001eae2   0x00000002   PAD
    0x0001eae4   0x00000018   Code   RO         2095    i.fs_queued_op_count_get  fstorage.o
    0x0001eafc   0x000000f0   Code   RO            9    i.get_QUAT          main.o
    0x0001ebec   0x0000007c   Code   RO           10    i.initializeIMU     main.o
    0x0001ec68   0x00000078   Code   RO         2520    i.intern_softdevice_events_execute  softdevice_handler.o
    0x0001ece0   0x000000ac   Code   RO         1575    i.irq_handler_twi   nrf_drv_twi.o
    0x0001ed8c   0x0000001c   Code   RO          686    i.is_conn_params_ok  ble_conn_params.o
    0x0001eda8   0x00000048   Code   RO         2623    i.is_manual_peripheral_setup_needed  system_nrf51.o
    0x0001edf0   0x00000054   Code   RO          512    i.le_role_encode    ble_advdata.o
    0x0001ee44   0x000000bc   Code   RO         1912    i.list_deletions_handler  app_timer.o
    0x0001ef00   0x000000d4   Code   RO         1913    i.list_insertions_handler  app_timer.o
    0x0001efd4   0x00000228   Code   RO           11    i.main              main.o
    0x0001f1fc   0x00000068   Code   RO          513    i.manuf_specific_data_encode  ble_advdata.o
    0x0001f264   0x0000009e   Code   RO          514    i.name_encode       ble_advdata.o
    0x0001f302   0x00000002   PAD
    0x0001f304   0x0000001c   Code   RO          910    i.nrf_delay_ms      nrf_delay.o
    0x0001f320   0x00000060   Code   RO          937    i.nrf_drv_common_irq_enable  nrf_drv_common.o
    0x0001f380   0x00000020   Code   RO         1578    i.nrf_drv_twi_enable  nrf_drv_twi.o
    0x0001f3a0   0x00000090   Code   RO         1579    i.nrf_drv_twi_init  nrf_drv_twi.o
    0x0001f430   0x00000024   Code   RO         1580    i.nrf_drv_twi_rx    nrf_drv_twi.o
    0x0001f454   0x00000024   Code   RO         1583    i.nrf_drv_twi_tx    nrf_drv_twi.o
    0x0001f478   0x00000028   Code   RO         1585    i.nrf_drv_twi_xfer  nrf_drv_twi.o
    0x0001f4a0   0x00000024   Code   RO         1168    i.nrf_drv_uart_tx   nrf_drv_uart.o
    0x0001f4c4   0x00000074   Code   RO         1170    i.nrf_drv_uart_tx_for_uart  nrf_drv_uart.o
    0x0001f538   0x00000010   Code   RO         1171    i.nrf_drv_uart_tx_in_progress  nrf_drv_uart.o
    0x0001f548   0x00000020   Code   RO          995    i.nrf_gpio_cfg_sense_set  nrf_drv_gpiote.o
    0x0001f568   0x00000010   Code   RO         1586    i.nrf_gpio_pin_set  nrf_drv_twi.o
    0x0001f578   0x00000014   Code   RO          996    i.nrf_gpiote_event_is_set  nrf_drv_gpiote.o
    0x0001f58c   0x0000000a   Code   RO         1587    i.nrf_twi_event_check  nrf_drv_twi.o
    0x0001f596   0x0000000a   Code   RO         1177    i.nrf_uart_event_check  nrf_drv_uart.o
    0x0001f5a0   0x00000010   Code   RO         1178    i.nrf_uart_int_enable_check  nrf_drv_uart.o
    0x0001f5b0   0x00000026   Code   RO           12    i.nus_data_handler  main.o
    0x0001f5d6   0x00000020   Code   RO           13    i.on_adv_evt        main.o
    0x0001f5f6   0x00000002   PAD
    0x0001f5f8   0x000000cc   Code   RO           14    i.on_ble_evt        main.o
    0x0001f6c4   0x00000020   Code   RO           15    i.on_conn_params_evt  main.o
    0x0001f6e4   0x00000016   Code   RO          603    i.peer_address_exists  ble_advertising.o
    0x0001f6fa   0x00000002   PAD
    0x0001f6fc   0x000009fc   Code   RO         2739    i.pow               m_ps.l(pow.o)
    0x000200f8   0x00000028   Code   RO         1346    i.pstorage_access_status_get  pstorage.o
    0x00020120   0x00000036   Code   RO           16    i.qToFloat_         main.o
    0x00020156   0x00000002   PAD
    0x00020158   0x00000044   Code   RO         1914    i.rtc1_stop         app_timer.o
    0x0002019c   0x00000038   Code   RO         1179    i.rx_byte           nrf_drv_uart.o
    0x000201d4   0x0000009e   Code   RO          755    i.rx_char_add       ble_nus.o
    0x00020272   0x00000002   PAD
    0x00020274   0x0000001c   Code   RO         1180    i.rx_done_event     nrf_drv_uart.o
    0x00020290   0x00000010   Code   RO         2521    i.sd_check_ram_start  softdevice_handler.o
    0x000202a0   0x0000008c   Code   RO         2522    i.sd_nvic_EnableIRQ  softdevice_handler.o
    0x0002032c   0x0000006c   Code   RO           17    i.sendData          main.o
    0x00020398   0x00000044   Code   RO           18    i.sendDataPacket    main.o
    0x000203dc   0x0000008e   Code   RO          515    i.service_data_encode  ble_advdata.o
    0x0002046a   0x00000002   PAD
    0x0002046c   0x0000004c   Code   RO           19    i.setFeature        main.o
    0x000204b8   0x00000028   Code   RO           20    i.sleep_mode_enter  main.o
    0x000204e0   0x00000014   Code   RO         2523    i.softdevice_ble_evt_handler_set  softdevice_handler.o
    0x000204f4   0x00000014   Code   RO         2524    i.softdevice_enable  softdevice_handler.o
    0x00020508   0x00000028   Code   RO         2525    i.softdevice_enable_get_default_config  softdevice_handler.o
    0x00020530   0x00000008   Code   RO         2526    i.softdevice_fault_handler  softdevice_handler.o
    0x00020538   0x00000034   Code   RO         2527    i.softdevice_handler_init  softdevice_handler.o
    0x0002056c   0x00000048   Code   RO         2872    i.sqrt              m_ps.l(sqrt.o)
    0x000205b4   0x00000084   Code   RO         1915    i.timer_list_handler  app_timer.o
    0x00020638   0x00000010   Code   RO         1916    i.timer_list_handler_sched  app_timer.o
    0x00020648   0x00000040   Code   RO         1917    i.timer_list_insert  app_timer.o
    0x00020688   0x00000080   Code   RO         1918    i.timer_timeouts_check  app_timer.o
    0x00020708   0x00000098   Code   RO         1588    i.twi_clear_bus     nrf_drv_twi.o
    0x000207a0   0x00000048   Code   RO           21    i.twi_handler       main.o
    0x000207e8   0x00000034   Code   RO           22    i.twi_init          main.o
    0x0002081c   0x0000008c   Code   RO         1589    i.twi_rx_start_transfer  nrf_drv_twi.o
    0x000208a8   0x0000002e   Code   RO         1590    i.twi_send_byte     nrf_drv_twi.o
    0x000208d6   0x00000106   Code   RO         1591    i.twi_transfer      nrf_drv_twi.o
    0x000209dc   0x0000008c   Code   RO         1592    i.twi_tx_start_transfer  nrf_drv_twi.o
    0x00020a68   0x0000008c   Code   RO         1593    i.twi_xfer          nrf_drv_twi.o
    0x00020af4   0x0000002c   Code   RO         1182    i.tx_byte           nrf_drv_uart.o
    0x00020b20   0x00000080   Code   RO          756    i.tx_char_add       ble_nus.o
    0x00020ba0   0x00000020   Code   RO         1183    i.tx_done_event     nrf_drv_uart.o
    0x00020bc0   0x00000128   Code   RO         1184    i.uart_irq_handler  nrf_drv_uart.o
    0x00020ce8   0x0000000a   Code   RO          516    i.uint16_encode     ble_advdata.o
    0x00020cf2   0x00000002   PAD
    0x00020cf4   0x00000064   Code   RO          687    i.update_timeout_handler  ble_conn_params.o
    0x00020d58   0x00000054   Code   RO         1919    i.user_id_get       app_timer.o
    0x00020dac   0x00000026   Code   RO         1920    i.user_op_alloc     app_timer.o
    0x00020dd2   0x00000030   Code   RO          517    i.uuid_list_encode  ble_advdata.o
    0x00020e02   0x000000ae   Code   RO          518    i.uuid_list_sized_encode  ble_advdata.o
    0x00020eb0   0x00000010   Code   RO          604    i.whitelist_has_entries  ble_advertising.o
    0x00020ec0   0x0000002c   Code   RO         3005    locale$$code        c_p.l(lc_numeric_c.o)
    0x00020eec   0x00000068   Code   RO         2841    x$fpl$drleqf        fz_ps.l(drlef.o)
    0x00020f54   0x000000b0   Code   RO         2732    x$fpl$fmul          fz_ps.l(fmul.o)
    0x00021004   0x00000010   Code   RO         2736    x$fpl$printf1       fz_ps.l(printf1.o)
    0x00021014   0x00000000   Code   RO         2851    x$fpl$usenofp       fz_ps.l(usenofp.o)
    0x00021014   0x0000001c   Data   RO           34    .constdata          main.o
    0x00021030   0x0000003c   Data   RO          378    .constdata          bsp.o
    0x0002106c   0x00000004   Data   RO          690    .constdata          ble_conn_params.o
    0x00021070   0x00000010   Data   RO          757    .constdata          ble_nus.o
    0x00021080   0x0000001c   Data   RO         1595    .constdata          nrf_drv_twi.o
    0x0002109c   0x00000010   Data   RO         2400    .constdata          segger_rtt_printf.o
    0x000210ac   0x00000011   Data   RO         2688    .constdata          c_p.l(__printf_flags_ss_wp.o)
    0x000210bd   0x00000003   PAD
    0x000210c0   0x00000088   Data   RO         2740    .constdata          m_ps.l(pow.o)
    0x00021148   0x00000080   Data   RO         2839    .constdata          fz_ps.l(ddiv.o)
    0x000211c8   0x00000008   Data   RO         2870    .constdata          m_ps.l(qnan.o)
    0x000211d0   0x00000094   Data   RO         2980    .constdata          c_p.l(bigflt0.o)
    0x00021264   0x00000009   Data   RO         2329    .conststring        segger_rtt.o
    0x0002126d   0x00000003   PAD
    0x00021270   0x00000020   Data   RO         3214    Region$$Table       anon$$obj.o
    0x00021290   0x0000001c   Data   RO         3004    locale$$data        c_p.l(lc_numeric_c.o)


    Execution Region RW_IRAM1 (Base: 0x20001fe8, Size: 0x00001c50, Max: 0x00002790, ABSOLUTE, COMPRESSED[0x00000034])

    Base Addr    Size         Type   Attr      Idx    E Section Name        Object

    0x20001fe8   0x00000026   Data   RW           41    .data               main.o
    0x2000200e   0x00000002   PAD
    0x20002010   0x00000018   Data   RW          379    .data               bsp.o
    0x20002028   0x00000008   Data   RW          473    .data               bsp_btn_ble.o
    0x20002030   0x0000001f   Data   RW          606    .data               ble_advertising.o
    0x2000204f   0x00000001   PAD
    0x20002050   0x00000014   Data   RW          691    .data               ble_conn_params.o
    0x20002064   0x00000008   Data   RW          846    .data               app_uart_fifo.o
    0x2000206c   0x00000024   Data   RW         1371    .data               pstorage.o
    0x20002090   0x00000020   Data   RW         1921    .data               app_timer.o
    0x200020b0   0x0000007c   Data   RW         2330    .data               segger_rtt.o
    0x2000212c   0x0000001c   Data   RW         2531    .data               softdevice_handler.o
    0x20002148   0x00000004   Data   RW         2624    .data               system_nrf51.o
    0x2000214c   0x000002f0   Zero   RW           24    .bss                main.o
    0x2000243c   0x00000020   Zero   RW          374    .bss                bsp.o
    0x2000245c   0x00000020   Zero   RW          375    .bss                bsp.o
    0x2000247c   0x0000000c   Zero   RW          376    .bss                bsp.o
    0x20002488   0x00000020   Zero   RW          377    .bss                bsp.o
    0x200024a8   0x00000103   Zero   RW          605    .bss                ble_advertising.o
    0x200025ab   0x00000001   PAD
    0x200025ac   0x00000020   Zero   RW          688    .bss                ble_conn_params.o
    0x200025cc   0x0000001c   Zero   RW          689    .bss                ble_conn_params.o
    0x200025e8   0x00000020   Zero   RW          844    .bss                app_uart_fifo.o
    0x20002608   0x00000048   Zero   RW          999    .bss                nrf_drv_gpiote.o
    0x20002650   0x0000001c   Zero   RW         1185    .bss                nrf_drv_uart.o
    0x2000266c   0x000000d8   Zero   RW         1369    .bss                pstorage.o
    0x20002744   0x00000028   Zero   RW         1594    .bss                nrf_drv_twi.o
    0x2000276c   0x00000058   Zero   RW         2104    .bss                fstorage.o
    0x200027c4   0x00000400   Zero   RW         2327    .bss                segger_rtt.o
    0x20002bc4   0x00000010   Zero   RW         2328    .bss                segger_rtt.o
    0x20002bd4   0x00000060   Zero   RW         3083    .bss                c_p.l(libspace.o)
    0x20002c34   0x00000004   PAD
    0x20002c38   0x00000800   Zero   RW         2613    HEAP                arm_startup_nrf51.o
    0x20003438   0x00000800   Zero   RW         2612    STACK               arm_startup_nrf51.o


==============================================================================

Image component sizes


      Code (inc. data)   RO Data    RW Data    ZI Data      Debug   Object Name

        24          4          0          0          0       2161   app_error.o
        28         10          0          0          0       7062   app_error_weak.o
        86          0          0          0          0       3318   app_fifo.o
      1696        150          0         32          0      29879   app_timer.o
        56          8          0          8         32       2327   app_uart_fifo.o
        84         36        192          0       4096        748   arm_startup_nrf51.o
      1588          6          0          0          0      19776   ble_advdata.o
       962         28          0         31        259       8324   ble_advertising.o
       460         58          4         20         60      13168   ble_conn_params.o
       562         12         16          0          0       5438   ble_nus.o
       850         72         60         24        108       6566   bsp.o
       200          6          0          8          0       3682   bsp_btn_ble.o
        24          6          0          0         88       3636   fstorage.o
      1852        344         28         38        752     109857   main.o
        58          4          0          0          0       1675   nrf_delay.o
        96         18          0          0          0       8560   nrf_drv_common.o
       408         46          0          0         72      13628   nrf_drv_gpiote.o
      1416         70         28          0         40      27928   nrf_drv_twi.o
       658         74          0          0         28      15899   nrf_drv_uart.o
         0          0          0          0          0        564   nrf_log.o
        40         10          0         36        216      10941   pstorage.o
         2          0          0          0          0        456   rtt_syscalls_keil.o
       144          4          9        124       1040       2294   segger_rtt.o
       908          4         16          0          0       6021   segger_rtt_printf.o
       448         58          0         28          0      18160   softdevice_handler.o
       232         36          0          4          0       2223   system_nrf51.o

    ----------------------------------------------------------------------
     12910       1064        388        356       6792     324291   Object Totals
         0          0         32          0          0          0   (incl. Generated)
        28          0          3          3          1          0   (incl. Padding)

    ----------------------------------------------------------------------

      Code (inc. data)   RO Data    RW Data    ZI Data      Debug   Library Member Name

        44          4          0          0          0         84   __2sprintf.o
        86          0          0          0          0          0   __dczerorl2.o
         8          0          0          0          0         68   __main.o
       392          6         17          0          0         76   __printf_flags_ss_wp.o
        14          0          0          0          0         60   __printf_wp.o
         0          0          0          0          0          0   __rtentry.o
        12          0          0          0          0          0   __rtentry2.o
         6          0          0          0          0          0   __rtentry4.o
        60          8          0          0          0          0   __scatter.o
        28          0          0          0          0          0   __scatter_zi.o
        48          6          0          0          0         88   _printf_char_common.o
        10          0          0          0          0          0   _printf_f.o
      1044         14          0          0          0        176   _printf_fp_dec.o
       136         16          0          0          0         76   _printf_fp_infnan.o
        78          0          0          0          0        100   _printf_pad.o
         2          0          0          0          0          0   _printf_percent.o
         4          0          0          0          0          0   _printf_percent_end.o
        22          0          0          0          0         92   _rserrno.o
        10          0          0          0          0         60   _sputc.o
       346          0          0          0          0         92   aeabi_sdiv.o
       200          4        148          0          0         80   bigflt0.o
      1240         12          0          0          0        316   btod.o
        16          0          0          0          0         68   exit.o
         6          0          0          0          0        136   heapauxi.o
        44         10         28          0          0         76   lc_numeric_c.o
         2          0          0          0          0          0   libinit.o
        18          0          0          0          0          0   libinit2.o
         2          0          0          0          0          0   libshutdown.o
         2          0          0          0          0          0   libshutdown2.o
         8          4          0          0         96         68   libspace.o
       122          0          0          0          0         72   lludiv10.o
         8          4          0          0          0         68   rt_errno_addr_intlibspace.o
         8          4          0          0          0         68   rt_locale_intlibspace.o
        64          0          0          0          0        108   rt_memclr.o
       186          0          0          0          0        144   rt_memcpy.o
         2          0          0          0          0          0   rtexit.o
        10          0          0          0          0          0   rtexit2.o
        40          0          0          0          0         60   rtudiv10.o
       136          4          0          0          0         72   strcmp.o
        62          0          0          0          0         80   sys_stackheap_outer.o
         2          0          0          0          0         68   use_no_semi.o
         2          0          0          0          0         68   use_no_semi_2.o
        46          0          0          0          0         60   cmpret.o
       124          4          0          0          0         72   d2f.o
       856         20          0          0          0        208   daddsub.o
       144          4          0          0          0         76   dcmpin.o
      1096         26        128          0          0        112   ddiv.o
        88          0          0          0          0         92   dflti.o
       584         26          0          0          0         84   dmul.o
        20          6          0          0          0         68   dnan2.o
       104          4          0          0          0        104   drlef.o
        96         12          0          0          0         72   dscalbn.o
       256          8          0          0          0         76   dsqrt.o
        84          4          0          0          0         60   f2d.o
        76          0          0          0          0         68   ffixi.o
        94          0          0          0          0         92   fflti.o
       176          4          0          0          0         80   fmul.o
        68          4          0          0          0         68   fscalbn.o
        16          4          0          0          0         76   printf1.o
        94          0          0          0          0         68   retnan.o
         0          0          0          0          0          0   usenofp.o
        84         14          0          0          0        340   dunder.o
        44          4          0          0          0         60   fpclassify.o
       172          0          0          0          0         76   poly.o
      2556        196        136          0          0        240   pow.o
         0          0          8          0          0          0   qnan.o
        72          6          0          0          0         76   sqrt.o

    ----------------------------------------------------------------------
     11494        442        468          0        100       4852   Library Totals
        14          0          3          0          4          0   (incl. Padding)

    ----------------------------------------------------------------------

      Code (inc. data)   RO Data    RW Data    ZI Data      Debug   Library Name

      4530         96        193          0         96       2524   c_p.l
      4022        126        128          0          0       1536   fz_ps.l
      2928        220        144          0          0        792   m_ps.l

    ----------------------------------------------------------------------
     11494        442        468          0        100       4852   Library Totals

    ----------------------------------------------------------------------

==============================================================================


      Code (inc. data)   RO Data    RW Data    ZI Data      Debug   

     24404       1506        856        356       6892     321083   Grand Totals
     24404       1506        856         52       6892     321083   ELF Image Totals (compressed)
     24404       1506        856         52          0          0   ROM Totals

==============================================================================

    Total RO  Size (Code + RO Data)                25260 (  24.67kB)
    Total RW  Size (RW Data + ZI Data)              7248 (   7.08kB)
    Total ROM Size (Code + RO Data + RW Data)      25312 (  24.72kB)

==============================================================================

